Component: ARM Compiler 5.06 update 3 (build 300) Tool: armlink [4d35c9]

==============================================================================

Section Cross References

    startup_mk60d10.o(STACK) refers (Special) to heapauxi.o(.text) for __use_two_region_memory
    startup_mk60d10.o(HEAP) refers (Special) to heapauxi.o(.text) for __use_two_region_memory
    startup_mk60d10.o(RESET) refers (Special) to heapauxi.o(.text) for __use_two_region_memory
    startup_mk60d10.o(RESET) refers to startup_mk60d10.o(STACK) for __initial_sp
    startup_mk60d10.o(RESET) refers to startup_mk60d10.o(.text) for Reset_Handler
    startup_mk60d10.o(RESET) refers to system_mk60.o(i.NMI_Handler) for NMI_Handler
    startup_mk60d10.o(RESET) refers to isr.o(i.DMA0_IRQHandler) for DMA0_IRQHandler
    startup_mk60d10.o(RESET) refers to isr.o(i.UART4_RX_TX_IRQHandler) for UART4_RX_TX_IRQHandler
    startup_mk60d10.o(RESET) refers to isr.o(i.PIT0_IRQHandler) for PIT0_IRQHandler
    startup_mk60d10.o(RESET) refers to isr.o(i.PORTA_IRQHandler) for PORTA_IRQHandler
    startup_mk60d10.o(RESET) refers to isr.o(i.PORTC_IRQHandler) for PORTC_IRQHandler
    startup_mk60d10.o(.ARM.__at_0x400) refers (Special) to heapauxi.o(.text) for __use_two_region_memory
    startup_mk60d10.o(.text) refers (Special) to heapauxi.o(.text) for __use_two_region_memory
    startup_mk60d10.o(.text) refers to system_mk60.o(i.Start) for Start
    startup_mk60d10.o(.text) refers to __main.o(!!!main) for __main
    startup_mk60d10.o(.text) refers to startup_mk60d10.o(HEAP) for Heap_Mem
    startup_mk60d10.o(.text) refers to startup_mk60d10.o(STACK) for Stack_Mem
    system_mk60.o(i.SYSTEM_CLK) refers to system_mk60.o(i.div_set) for div_set
    system_mk60.o(i.Start) refers to system_mk60.o(i.Disable_Wdog) for Disable_Wdog
    system_mk60.o(i.Start) refers to system_mk60.o(i.SYSTEM_CLK) for SYSTEM_CLK
    system_mk60.o(i.Start) refers to mk60_gpio.o(i.gpio_init) for gpio_init
    common.o(i.get_clk) refers to common.o(.data) for mcgout_clk_mhz
    mk60_cmt.o(i.cmt_pwm_duty) refers to mk60_cmt.o(.data) for cmt_period
    mk60_cmt.o(i.cmt_pwm_freq) refers to common.o(.data) for bus_clk_mhz
    mk60_cmt.o(i.cmt_pwm_freq) refers to mk60_cmt.o(.data) for cmt_period
    mk60_cmt.o(i.cmt_pwm_init) refers to mk60_port.o(i.port_init) for port_init
    mk60_cmt.o(i.cmt_pwm_init) refers to common.o(.data) for bus_clk_mhz
    mk60_cmt.o(i.cmt_pwm_init) refers to mk60_cmt.o(.data) for cmt_period
    mk60_dma.o(i.dma_portx2buff_init) refers to mk60_port.o(i.port_init) for port_init
    mk60_dma.o(i.dma_portx2buff_init) refers to mk60_gpio.o(i.gpio_init) for gpio_init
    mk60_ftm.o(i.FTM_port_mux) refers to mk60_port.o(i.port_init) for port_init
    mk60_ftm.o(i.ftm_input_clean) refers to mk60_ftm.o(.constdata) for FTMX
    mk60_ftm.o(i.ftm_input_get) refers to mk60_ftm.o(.constdata) for FTMX
    mk60_ftm.o(i.ftm_input_init) refers to mk60_ftm.o(i.FTM_port_mux) for FTM_port_mux
    mk60_ftm.o(i.ftm_input_init) refers to mk60_ftm.o(.constdata) for FTMX
    mk60_ftm.o(i.ftm_input_init) refers to common.o(.data) for bus_clk_mhz
    mk60_ftm.o(i.ftm_pwm_duty) refers to mk60_ftm.o(.data) for period
    mk60_ftm.o(i.ftm_pwm_duty) refers to mk60_ftm.o(.constdata) for FTMX
    mk60_ftm.o(i.ftm_pwm_freq) refers to common.o(.data) for bus_clk_mhz
    mk60_ftm.o(i.ftm_pwm_freq) refers to mk60_ftm.o(.data) for period
    mk60_ftm.o(i.ftm_pwm_freq) refers to mk60_ftm.o(.constdata) for FTMX
    mk60_ftm.o(i.ftm_pwm_init) refers to mk60_ftm.o(i.FTM_port_mux) for FTM_port_mux
    mk60_ftm.o(i.ftm_pwm_init) refers to common.o(.data) for bus_clk_mhz
    mk60_ftm.o(i.ftm_pwm_init) refers to mk60_ftm.o(.data) for period
    mk60_ftm.o(i.ftm_pwm_init) refers to mk60_ftm.o(.constdata) for FTMX
    mk60_ftm.o(i.ftm_quad_clean) refers to mk60_ftm.o(.constdata) for FTMX
    mk60_ftm.o(i.ftm_quad_get) refers to mk60_ftm.o(.constdata) for FTMX
    mk60_ftm.o(i.ftm_quad_init) refers to mk60_port.o(i.port_init) for port_init
    mk60_ftm.o(i.ftm_quad_init) refers to mk60_ftm.o(.constdata) for FTMX
    mk60_gpio.o(i.gpio_ddr) refers to mk60_gpio.o(.constdata) for GPIOX
    mk60_gpio.o(i.gpio_get) refers to mk60_gpio.o(.constdata) for GPIOX
    mk60_gpio.o(i.gpio_init) refers to mk60_gpio.o(.constdata) for PORTX
    mk60_gpio.o(i.gpio_set) refers to mk60_gpio.o(.constdata) for GPIOX
    mk60_gpio.o(i.gpio_turn) refers to mk60_gpio.o(.constdata) for GPIOX
    mk60_i2c.o(i.i2c_init) refers to rt_memcpy_w.o(.text) for __aeabi_memcpy4
    mk60_i2c.o(i.i2c_init) refers to mk60_port.o(i.port_init) for port_init
    mk60_i2c.o(i.i2c_init) refers to mk60_i2c.o(.constdata) for .constdata
    mk60_i2c.o(i.i2c_init) refers to common.o(.data) for bus_clk_mhz
    mk60_i2c.o(i.i2c_init) refers to mk60_i2c.o(.data) for I2CN
    mk60_i2c.o(i.i2c_read_reg) refers to mk60_i2c.o(i.i2c_delay) for i2c_delay
    mk60_i2c.o(i.i2c_read_reg) refers to mk60_i2c.o(.data) for I2CN
[...]
    locale$$data                             0x00006c8c   Section      272  lc_ctype_c.o(locale$$data)
    __lcnum_c_end                            0x00006c8c   Data           0  lc_numeric_c.o(locale$$data)
    __lcctype_c_name                         0x00006c90   Data           2  lc_ctype_c.o(locale$$data)
    __lcctype_c_start                        0x00006c98   Data           0  lc_ctype_c.o(locale$$data)
    __lcctype_c_end                          0x00006d9c   Data           0  lc_ctype_c.o(locale$$data)
    .data                                    0x1fff0000   Section       12  common.o(.data)
    .data                                    0x1fff000c   Section        6  mk60_ftm.o(.data)
    .data                                    0x1fff0014   Section       24  mk60_uart.o(.data)
    .data                                    0x1fff002c   Section       96  seekfree_mt9v032.o(.data)
    i                                        0x1fff007c   Data           4  seekfree_mt9v032.o(.data)
    j                                        0x1fff0080   Data           4  seekfree_mt9v032.o(.data)
    i                                        0x1fff0084   Data           4  seekfree_mt9v032.o(.data)
    j                                        0x1fff0088   Data           4  seekfree_mt9v032.o(.data)
    .data                                    0x1fff008c   Section        1  imageprocess.o(.data)
    .data                                    0x1fff008e   Section        2  rodeview.o(.data)
    .data                                    0x1fff0090   Section        6  speedcontrol.o(.data)
    .data                                    0x1fff0098   Section       26  directioncontrol.o(.data)
    lastError                                0x1fff00b0   Data           2  directioncontrol.o(.data)
    .data                                    0x1fff00b2   Section        8  steeractuator.o(.data)
    .data                                    0x1fff00ba   Section        1  motor.o(.data)
    .data                                    0x1fff00bb   Section        1  encoder.o(.data)
    .data                                    0x1fff00bc   Section        3  common_type.o(.data)
    .data                                    0x1fff00c0   Section        2  cuver.o(.data)
    black_pt_row                             0x1fff00c0   Data           2  cuver.o(.data)
    .data                                    0x1fff00c2   Section       20  island.o(.data)
    .bss                                     0x1fff00d8   Section    11280  seekfree_mt9v032.o(.bss)
    .bss                                     0x1fff2ce8   Section      255  seekfree_oled.o(.bss)
    buf                                      0x1fff2ce8   Data         255  seekfree_oled.o(.bss)
    .bss                                     0x1fff2de7   Section    11280  imageprocess.o(.bss)
    .bss                                     0x1fff59f8   Section      326  rodeview.o(.bss)
    .bss                                     0x1fff5b40   Section      112  speedcontrol.o(.bss)
    .bss                                     0x1fff5bb0   Section       80  island.o(.bss)
    .bss                                     0x1fff5c00   Section       96  libspace.o(.bss)
    HEAP                                     0x1fff5c60   Section     4096  startup_mk60d10.o(HEAP)
    Heap_Mem                                 0x1fff5c60   Data        4096  startup_mk60d10.o(HEAP)
    STACK                                    0x1fff6c60   Section     4096  startup_mk60d10.o(STACK)
    Stack_Mem                                0x1fff6c60   Data        4096  startup_mk60d10.o(STACK)
    __initial_sp                             0x1fff7c60   Data           0  startup_mk60d10.o(STACK)

    Global Symbols

    Symbol Name                              Value     Ov Type        Size  Object(Section)

    BuildAttributes$$THM_ISAv4$E$P$D$K$B$S$7EM$PE$A:L22UL41UL21$X:L11$S22US41US21$IEEE1$IW$USESV6$~STKCKD$USESV7$~SHL$OTIME$ROPI$IEEEJ$EBA8$UX$STANDARDLIB$REQ8$PRES8$EABIv2 0x00000000   Number         0  anon$$obj.o ABSOLUTE
    __ARM_use_no_argv                        0x00000000   Number         0  main.o ABSOLUTE
    __Vectors                                0x00000000   Data           4  startup_mk60d10.o(RESET)
    _printf_flags                            0x00000000   Number         0  printf_stubs.o ABSOLUTE
    _printf_return_value                     0x00000000   Number         0  printf_stubs.o ABSOLUTE
    _printf_sizespec                         0x00000000   Number         0  printf_stubs.o ABSOLUTE
    _printf_widthprec                        0x00000000   Number         0  printf_stubs.o ABSOLUTE
    __ARM_exceptions_init                     - Undefined Weak Reference
    __alloca_initialize                       - Undefined Weak Reference
    __arm_preinit_                            - Undefined Weak Reference
    __cpp_initialize__aeabi_                  - Undefined Weak Reference
    __cxa_finalize                            - Undefined Weak Reference
    __sigvec_lookup                           - Undefined Weak Reference
    __user_heap_extent                        - Undefined Weak Reference
    _atexit_init                              - Undefined Weak Reference
    _call_atexit_fns                          - Undefined Weak Reference
    _clock_init                               - Undefined Weak Reference
    _fp_trap_init                             - Undefined Weak Reference
    _fp_trap_shutdown                         - Undefined Weak Reference
    _get_lc_collate                           - Undefined Weak Reference
    _get_lc_monetary                          - Undefined Weak Reference
    _get_lc_time                              - Undefined Weak Reference
    _getenv_init                              - Undefined Weak Reference
    _handle_redirection                       - Undefined Weak Reference
    _initio                                   - Undefined Weak Reference
    _mutex_acquire                            - Undefined Weak Reference
    _mutex_free                               - Undefined Weak Reference
    _mutex_release                            - Undefined Weak Reference
    _printf_mbtowc                            - Undefined Weak Reference
    _printf_wc                                - Undefined Weak Reference
    _rand_init                                - Undefined Weak Reference
    _signal_finish                            - Undefined Weak Reference
    _signal_init                              - Undefined Weak Reference
    _terminateio                              - Undefined Weak Reference
    __Vectors_End                            0x00000400   Data           0  startup_mk60d10.o(RESET)
    __Vectors_Size                           0x00000400   Number         0  startup_mk60d10.o ABSOLUTE
    __main                                   0x00000411   Thumb Code     8  __main.o(!!!main)
    __scatterload                            0x00000419   Thumb Code     0  __scatter.o(!!!scatter)
    __scatterload_rt2                        0x00000419   Thumb Code    44  __scatter.o(!!!scatter)
    __scatterload_rt2_thumb_only             0x00000419   Thumb Code     0  __scatter.o(!!!scatter)
    __scatterload_null                       0x00000427   Thumb Code     0  __scatter.o(!!!scatter)
    __scatterload_copy                       0x0000044d   Thumb Code    26  __scatter_copy.o(!!handler_copy)
    __scatterload_zeroinit                   0x00000469   Thumb Code    28  __scatter_zi.o(!!handler_zi)
    _printf_n                                0x00000485   Thumb Code     0  _printf_n.o(.ARM.Collect$$_printf_percent$$00000001)
    _printf_percent                          0x00000485   Thumb Code     0  _printf_percent.o(.ARM.Collect$$_printf_percent$$00000000)
    _printf_p                                0x0000048b   Thumb Code     0  _printf_p.o(.ARM.Collect$$_printf_percent$$00000002)
    _printf_f                                0x00000491   Thumb Code     0  _printf_f.o(.ARM.Collect$$_printf_percent$$00000003)
    _printf_e                                0x00000497   Thumb Code     0  _printf_e.o(.ARM.Collect$$_printf_percent$$00000004)
    _printf_g                                0x0000049d   Thumb Code     0  _printf_g.o(.ARM.Collect$$_printf_percent$$00000005)
    _printf_a                                0x000004a3   Thumb Code     0  _printf_a.o(.ARM.Collect$$_printf_percent$$00000006)
    _printf_ll                               0x000004a9   Thumb Code     0  _printf_ll.o(.ARM.Collect$$_printf_percent$$00000007)
    _printf_i                                0x000004b3   Thumb Code     0  _printf_i.o(.ARM.Collect$$_printf_percent$$00000008)
    _printf_d                                0x000004b9   Thumb Code     0  _printf_d.o(.ARM.Collect$$_printf_percent$$00000009)
    _printf_u                                0x000004bf   Thumb Code     0  _printf_u.o(.ARM.Collect$$_printf_percent$$0000000A)
    _printf_o                                0x000004c5   Thumb Code     0  _printf_o.o(.ARM.Collect$$_printf_percent$$0000000B)
    _printf_x                                0x000004cb   Thumb Code     0  _printf_x.o(.ARM.Collect$$_printf_percent$$0000000C)
    _printf_lli                              0x000004d1   Thumb Code     0  _printf_lli.o(.ARM.Collect$$_printf_percent$$0000000D)
    _printf_lld                              0x000004d7   Thumb Code     0  _printf_lld.o(.ARM.Collect$$_printf_percent$$0000000E)
    _printf_llu                              0x000004dd   Thumb Code     0  _printf_llu.o(.ARM.Collect$$_printf_percent$$0000000F)
    _printf_llo                              0x000004e3   Thumb Code     0  _printf_llo.o(.ARM.Collect$$_printf_percent$$00000010)
    _printf_llx                              0x000004e9   Thumb Code     0  _printf_llx.o(.ARM.Collect$$_printf_percent$$00000011)
    _printf_l                                0x000004ef   Thumb Code     0  _printf_l.o(.ARM.Collect$$_printf_percent$$00000012)
    _printf_c                                0x000004f9   Thumb Code     0  _printf_c.o(.ARM.Collect$$_printf_percent$$00000013)
    _printf_s                                0x000004ff   Thumb Code     0  _printf_s.o(.ARM.Collect$$_printf_percent$$00000014)
    _printf_lc                               0x00000505   Thumb Code     0  _printf_lc.o(.ARM.Collect$$_printf_percent$$00000015)
    _printf_ls                               0x0000050b   Thumb Code     0  _printf_ls.o(.ARM.Collect$$_printf_percent$$00000016)
    _printf_percent_end                      0x00000511   Thumb Code     0  _printf_percent_end.o(.ARM.Collect$$_printf_percent$$00000017)
    __rt_lib_init                            0x00000515   Thumb Code     0  libinit.o(.ARM.Collect$$libinit$$00000000)
    __rt_lib_init_fp_1                       0x00000517   Thumb Code     0  libinit2.o(.ARM.Collect$$libinit$$00000002)
    __rt_lib_init_heap_1                     0x00000517   Thumb Code     0  libinit2.o(.ARM.Collect$$libinit$$0000000A)
    __rt_lib_init_lc_common                  0x00000517   Thumb Code     0  libinit2.o(.ARM.Collect$$libinit$$0000000F)
    __rt_lib_init_preinit_1                  0x00000517   Thumb Code     0  libinit2.o(.ARM.Collect$$libinit$$00000004)
    __rt_lib_init_rand_1                     0x00000517   Thumb Code     0  libinit2.o(.ARM.Collect$$libinit$$0000000E)
    __rt_lib_init_user_alloc_1               0x00000517   Thumb Code     0  libinit2.o(.ARM.Collect$$libinit$$0000000C)
    __rt_lib_init_lc_collate_1               0x0000051d   Thumb Code     0  libinit2.o(.ARM.Collect$$libinit$$00000011)
    __rt_lib_init_lc_ctype_2                 0x0000051d   Thumb Code     0  libinit2.o(.ARM.Collect$$libinit$$00000012)
    __rt_lib_init_lc_ctype_1                 0x00000529   Thumb Code     0  libinit2.o(.ARM.Collect$$libinit$$00000013)
    __rt_lib_init_lc_monetary_1              0x00000529   Thumb Code     0  libinit2.o(.ARM.Collect$$libinit$$00000015)
    __rt_lib_init_lc_numeric_2               0x00000529   Thumb Code     0  libinit2.o(.ARM.Collect$$libinit$$00000016)
    __rt_lib_init_alloca_1                   0x00000533   Thumb Code     0  libinit2.o(.ARM.Collect$$libinit$$0000002E)
    __rt_lib_init_argv_1                     0x00000533   Thumb Code     0  libinit2.o(.ARM.Collect$$libinit$$0000002C)
    __rt_lib_init_atexit_1                   0x00000533   Thumb Code     0  libinit2.o(.ARM.Collect$$libinit$$0000001B)
    __rt_lib_init_clock_1                    0x00000533   Thumb Code     0  libinit2.o(.ARM.Collect$$libinit$$00000021)
    __rt_lib_init_cpp_1                      0x00000533   Thumb Code     0  libinit2.o(.ARM.Collect$$libinit$$00000032)
    __rt_lib_init_exceptions_1               0x00000533   Thumb Code     0  libinit2.o(.ARM.Collect$$libinit$$00000030)
    __rt_lib_init_fp_trap_1                  0x00000533   Thumb Code     0  libinit2.o(.ARM.Collect$$libinit$$0000001F)
    __rt_lib_init_getenv_1                   0x00000533   Thumb Code     0  libinit2.o(.ARM.Collect$$libinit$$00000023)
    __rt_lib_init_lc_numeric_1               0x00000533   Thumb Code     0  libinit2.o(.ARM.Collect$$libinit$$00000017)
    __rt_lib_init_lc_time_1                  0x00000533   Thumb Code     0  libinit2.o(.ARM.Collect$$libinit$$00000019)
    __rt_lib_init_return                     0x00000533   Thumb Code     0  libinit2.o(.ARM.Collect$$libinit$$00000033)
    __rt_lib_init_signal_1                   0x00000533   Thumb Code     0  libinit2.o(.ARM.Collect$$libinit$$0000001D)
    __rt_lib_init_stdio_1                    0x00000533   Thumb Code     0  libinit2.o(.ARM.Collect$$libinit$$00000025)
    __rt_lib_shutdown                        0x00000535   Thumb Code     0  libshutdown.o(.ARM.Collect$$libshutdown$$00000000)
    __rt_lib_shutdown_cpp_1                  0x00000537   Thumb Code     0  libshutdown2.o(.ARM.Collect$$libshutdown$$00000002)
    __rt_lib_shutdown_fp_trap_1              0x00000537   Thumb Code     0  libshutdown2.o(.ARM.Collect$$libshutdown$$00000007)
    __rt_lib_shutdown_heap_1                 0x00000537   Thumb Code     0  libshutdown2.o(.ARM.Collect$$libshutdown$$0000000F)
    __rt_lib_shutdown_return                 0x00000537   Thumb Code     0  libshutdown2.o(.ARM.Collect$$libshutdown$$00000010)
    __rt_lib_shutdown_signal_1               0x00000537   Thumb Code     0  libshutdown2.o(.ARM.Collect$$libshutdown$$0000000A)
    __rt_lib_shutdown_stdio_1                0x00000537   Thumb Code     0  libshutdown2.o(.ARM.Collect$$libshutdown$$00000004)
    __rt_lib_shutdown_user_alloc_1           0x00000537   Thumb Code     0  libshutdown2.o(.ARM.Collect$$libshutdown$$0000000C)
    __rt_entry                               0x00000539   Thumb Code     0  __rtentry.o(.ARM.Collect$$rtentry$$00000000)
    __rt_entry_presh_1                       0x00000539   Thumb Code     0  __rtentry2.o(.ARM.Collect$$rtentry$$00000002)
    __rt_entry_sh                            0x00000539   Thumb Code     0  __rtentry4.o(.ARM.Collect$$rtentry$$00000004)
    __rt_entry_li                            0x0000053f   Thumb Code     0  __rtentry2.o(.ARM.Collect$$rtentry$$0000000A)
    __rt_entry_postsh_1                      0x0000053f   Thumb Code     0  __rtentry2.o(.ARM.Collect$$rtentry$$00000009)
    __rt_entry_main                          0x00000543   Thumb Code     0  __rtentry2.o(.ARM.Collect$$rtentry$$0000000D)
    __rt_entry_postli_1                      0x00000543   Thumb Code     0  __rtentry2.o(.ARM.Collect$$rtentry$$0000000C)
    __rt_exit                                0x0000054b   Thumb Code     0  rtexit.o(.ARM.Collect$$rtexit$$00000000)
    __rt_exit_ls                             0x0000054d   Thumb Code     0  rtexit2.o(.ARM.Collect$$rtexit$$00000003)
    __rt_exit_prels_1                        0x0000054d   Thumb Code     0  rtexit2.o(.ARM.Collect$$rtexit$$00000002)
    __rt_exit_exit                           0x00000551   Thumb Code     0  rtexit2.o(.ARM.Collect$$rtexit$$00000004)
    Reset_Handler                            0x00000559   Thumb Code    12  startup_mk60d10.o(.text)
    HardFault_Handler                        0x00000567   Thumb Code     2  startup_mk60d10.o(.text)
    MemManage_Handler                        0x00000569   Thumb Code     2  startup_mk60d10.o(.text)
    BusFault_Handler                         0x0000056b   Thumb Code     2  startup_mk60d10.o(.text)
    UsageFault_Handler                       0x0000056d   Thumb Code     2  startup_mk60d10.o(.text)
    SVC_Handler                              0x0000056f   Thumb Code     2  startup_mk60d10.o(.text)
    DebugMon_Handler                         0x00000571   Thumb Code     2  startup_mk60d10.o(.text)
    PendSV_Handler                           0x00000573   Thumb Code     2  startup_mk60d10.o(.text)
    SysTick_Handler                          0x00000575   Thumb Code     2  startup_mk60d10.o(.text)
    ADC0_IRQHandler                          0x00000577   Thumb Code     0  startup_mk60d10.o(.text)
    ADC1_IRQHandler                          0x00000577   Thumb Code     0  startup_mk60d10.o(.text)
    CAN0_Bus_Off_IRQHandler                  0x00000577   Thumb Code     0  startup_mk60d10.o(.text)
    CAN0_Error_IRQHandler                    0x00000577   Thumb Code     0  startup_mk60d10.o(.text)
    CAN0_ORed_Message_buffer_IRQHandler      0x00000577   Thumb Code     0  startup_mk60d10.o(.text)
    CAN0_Rx_Warning_IRQHandler               0x00000577   Thumb Code     0  startup_mk60d10.o(.text)
    CAN0_Tx_Warning_IRQHandler               0x00000577   Thumb Code     0  startup_mk60d10.o(.text)
    CAN0_Wake_Up_IRQHandler                  0x00000577   Thumb Code     0  startup_mk60d10.o(.text)
    CAN1_Bus_Off_IRQHandler                  0x00000577   Thumb Code     0  startup_mk60d10.o(.text)
    CAN1_Error_IRQHandler                    0x00000577   Thumb Code     0  startup_mk60d10.o(.text)
    CAN1_ORed_Message_buffer_IRQHandler      0x00000577   Thumb Code     0  startup_mk60d10.o(.text)
    CAN1_Rx_Warning_IRQHandler               0x00000577   Thumb Code     0  startup_mk60d10.o(.text)
    CAN1_Tx_Warning_IRQHandler               0x00000577   Thumb Code     0  startup_mk60d10.o(.text)
    CAN1_Wake_Up_IRQHandler                  0x00000577   Thumb Code     0  startup_mk60d10.o(.text)
    CMP0_IRQHandler                          0x00000577   Thumb Code     0  startup_mk60d10.o(.text)
    CMP1_IRQHandler                          0x00000577   Thumb Code     0  startup_mk60d10.o(.text)
    CMP2_IRQHandler                          0x00000577   Thumb Code     0  startup_mk60d10.o(.text)
    CMT_IRQHandler                           0x00000577   Thumb Code     0  startup_mk60d10.o(.text)
    DAC0_IRQHandler                          0x00000577   Thumb Code     0  startup_mk60d10.o(.text)
    DAC1_IRQHandler                          0x00000577   Thumb Code     0  startup_mk60d10.o(.text)
    DMA10_IRQHandler                         0x00000577   Thumb Code     0  startup_mk60d10.o(.text)
    DMA11_IRQHandler                         0x00000577   Thumb Code     0  startup_mk60d10.o(.text)
    DMA12_IRQHandler                         0x00000577   Thumb Code     0  startup_mk60d10.o(.text)
    DMA13_IRQHandler                         0x00000577   Thumb Code     0  startup_mk60d10.o(.text)
    DMA14_IRQHandler                         0x00000577   Thumb Code     0  startup_mk60d10.o(.text)
    DMA15_IRQHandler                         0x00000577   Thumb Code     0  startup_mk60d10.o(.text)
    DMA1_IRQHandler                          0x00000577   Thumb Code     0  startup_mk60d10.o(.text)
    DMA2_IRQHandler                          0x00000577   Thumb Code     0  startup_mk60d10.o(.text)
    DMA3_IRQHandler                          0x00000577   Thumb Code     0  startup_mk60d10.o(.text)
    DMA4_IRQHandler                          0x00000577   Thumb Code     0  startup_mk60d10.o(.text)
    DMA5_IRQHandler                          0x00000577   Thumb Code     0  startup_mk60d10.o(.text)
    DMA6_IRQHandler                          0x00000577   Thumb Code     0  startup_mk60d10.o(.text)
    DMA7_IRQHandler                          0x00000577   Thumb Code     0  startup_mk60d10.o(.text)
    DMA8_IRQHandler                          0x00000577   Thumb Code     0  startup_mk60d10.o(.text)
    DMA9_IRQHandler                          0x00000577   Thumb Code     0  startup_mk60d10.o(.text)
    DMA_Error_IRQHandler                     0x00000577   Thumb Code     0  startup_mk60d10.o(.text)
    DefaultISR                               0x00000577   Thumb Code     0  startup_mk60d10.o(.text)
    ENET_1588_Timer_IRQHandler               0x00000577   Thumb Code     0  startup_mk60d10.o(.text)
    ENET_Error_IRQHandler                    0x00000577   Thumb Code     0  startup_mk60d10.o(.text)
    ENET_Receive_IRQHandler                  0x00000577   Thumb Code     0  startup_mk60d10.o(.text)
    ENET_Transmit_IRQHandler                 0x00000577   Thumb Code     0  startup_mk60d10.o(.text)
    FTFL_IRQHandler                          0x00000577   Thumb Code     0  startup_mk60d10.o(.text)
    FTM0_IRQHandler                          0x00000577   Thumb Code     0  startup_mk60d10.o(.text)
    FTM1_IRQHandler                          0x00000577   Thumb Code     0  startup_mk60d10.o(.text)
    FTM2_IRQHandler                          0x00000577   Thumb Code     0  startup_mk60d10.o(.text)
    I2C0_IRQHandler                          0x00000577   Thumb Code     0  startup_mk60d10.o(.text)
    I2C1_IRQHandler                          0x00000577   Thumb Code     0  startup_mk60d10.o(.text)
    I2S0_Rx_IRQHandler                       0x00000577   Thumb Code     0  startup_mk60d10.o(.text)
    I2S0_Tx_IRQHandler                       0x00000577   Thumb Code     0  startup_mk60d10.o(.text)
    LLW_IRQHandler                           0x00000577   Thumb Code     0  startup_mk60d10.o(.text)
    LPTimer_IRQHandler                       0x00000577   Thumb Code     0  startup_mk60d10.o(.text)
    LVD_LVW_IRQHandler                       0x00000577   Thumb Code     0  startup_mk60d10.o(.text)
    MCG_IRQHandler                           0x00000577   Thumb Code     0  startup_mk60d10.o(.text)
    MCM_IRQHandler                           0x00000577   Thumb Code     0  startup_mk60d10.o(.text)
    PDB0_IRQHandler                          0x00000577   Thumb Code     0  startup_mk60d10.o(.text)
    PIT1_IRQHandler                          0x00000577   Thumb Code     0  startup_mk60d10.o(.text)
    PIT2_IRQHandler                          0x00000577   Thumb Code     0  startup_mk60d10.o(.text)
    PIT3_IRQHandler                          0x00000577   Thumb Code     0  startup_mk60d10.o(.text)
    PORTB_IRQHandler                         0x00000577   Thumb Code     0  startup_mk60d10.o(.text)
    PORTD_IRQHandler                         0x00000577   Thumb Code     0  startup_mk60d10.o(.text)
    PORTE_IRQHandler                         0x00000577   Thumb Code     0  startup_mk60d10.o(.text)
    RNG_IRQHandler                           0x00000577   Thumb Code     0  startup_mk60d10.o(.text)
    RTC_IRQHandler                           0x00000577   Thumb Code     0  startup_mk60d10.o(.text)
    RTC_Seconds_IRQHandler                   0x00000577   Thumb Code     0  startup_mk60d10.o(.text)
    Read_Collision_IRQHandler                0x00000577   Thumb Code     0  startup_mk60d10.o(.text)
    Reserved102_IRQHandler                   0x00000577   Thumb Code     0  startup_mk60d10.o(.text)
    Reserved108_IRQHandler                   0x00000577   Thumb Code     0  startup_mk60d10.o(.text)
    Reserved109_IRQHandler                   0x00000577   Thumb Code     0  startup_mk60d10.o(.text)
    Reserved111_IRQHandler                   0x00000577   Thumb Code     0  startup_mk60d10.o(.text)
    Reserved112_IRQHandler                   0x00000577   Thumb Code     0  startup_mk60d10.o(.text)
    Reserved113_IRQHandler                   0x00000577   Thumb Code     0  startup_mk60d10.o(.text)
    Reserved114_IRQHandler                   0x00000577   Thumb Code     0  startup_mk60d10.o(.text)
    Reserved115_IRQHandler                   0x00000577   Thumb Code     0  startup_mk60d10.o(.text)
    Reserved116_IRQHandler                   0x00000577   Thumb Code     0  startup_mk60d10.o(.text)
    Reserved117_IRQHandler                   0x00000577   Thumb Code     0  startup_mk60d10.o(.text)
    Reserved118_IRQHandler                   0x00000577   Thumb Code     0  startup_mk60d10.o(.text)
    Reserved119_IRQHandler                   0x00000577   Thumb Code     0  startup_mk60d10.o(.text)
    Reserved59_IRQHandler                    0x00000577   Thumb Code     0  startup_mk60d10.o(.text)
    Reserved95_IRQHandler                    0x00000577   Thumb Code     0  startup_mk60d10.o(.text)
    SDHC_IRQHandler                          0x00000577   Thumb Code     0  startup_mk60d10.o(.text)
    SPI0_IRQHandler                          0x00000577   Thumb Code     0  startup_mk60d10.o(.text)
    SPI1_IRQHandler                          0x00000577   Thumb Code     0  startup_mk60d10.o(.text)
    SPI2_IRQHandler                          0x00000577   Thumb Code     0  startup_mk60d10.o(.text)
    SWI_IRQHandler                           0x00000577   Thumb Code     0  startup_mk60d10.o(.text)
    TSI0_IRQHandler                          0x00000577   Thumb Code     0  startup_mk60d10.o(.text)
    UART0_ERR_IRQHandler                     0x00000577   Thumb Code     0  startup_mk60d10.o(.text)
    UART0_LON_IRQHandler                     0x00000577   Thumb Code     0  startup_mk60d10.o(.text)
    UART0_RX_TX_IRQHandler                   0x00000577   Thumb Code     0  startup_mk60d10.o(.text)
    UART1_ERR_IRQHandler                     0x00000577   Thumb Code     0  startup_mk60d10.o(.text)
    UART1_RX_TX_IRQHandler                   0x00000577   Thumb Code     0  startup_mk60d10.o(.text)
    UART2_ERR_IRQHandler                     0x00000577   Thumb Code     0  startup_mk60d10.o(.text)
    UART2_RX_TX_IRQHandler                   0x00000577   Thumb Code     0  startup_mk60d10.o(.text)
    UART3_ERR_IRQHandler                     0x00000577   Thumb Code     0  startup_mk60d10.o(.text)
    UART3_RX_TX_IRQHandler                   0x00000577   Thumb Code     0  startup_mk60d10.o(.text)
    UART4_ERR_IRQHandler                     0x00000577   Thumb Code     0  startup_mk60d10.o(.text)
    UART5_ERR_IRQHandler                     0x00000577   Thumb Code     0  startup_mk60d10.o(.text)
    UART5_RX_TX_IRQHandler                   0x00000577   Thumb Code     0  startup_mk60d10.o(.text)
    USB0_IRQHandler                          0x00000577   Thumb Code     0  startup_mk60d10.o(.text)
    USBDCD_IRQHandler                        0x00000577   Thumb Code     0  startup_mk60d10.o(.text)
    Watchdog_IRQHandler                      0x00000577   Thumb Code     0  startup_mk60d10.o(.text)
    __user_initial_stackheap                 0x00000579   Thumb Code     0  startup_mk60d10.o(.text)
    vsprintf                                 0x0000059d   Thumb Code    32  vsprintf.o(.text)
    __use_two_region_memory                  0x000005c1   Thumb Code     2  heapauxi.o(.text)
    __rt_heap_escrow                         0x000005c3   Thumb Code     2  heapauxi.o(.text)
    __rt_heap_expand                         0x000005c5   Thumb Code     2  heapauxi.o(.text)
    _printf_pre_padding                      0x000005c7   Thumb Code    44  _printf_pad.o(.text)
    _printf_post_padding                     0x000005f3   Thumb Code    34  _printf_pad.o(.text)
    _printf_truncate_signed                  0x00000615   Thumb Code    18  _printf_truncate.o(.text)
    _printf_truncate_unsigned                0x00000627   Thumb Code    18  _printf_truncate.o(.text)
    _printf_str                              0x00000639   Thumb Code    82  _printf_str.o(.text)
    _printf_int_dec                          0x0000068d   Thumb Code   104  _printf_dec.o(.text)
    _printf_charcount                        0x00000705   Thumb Code    40  _printf_charcount.o(.text)
    _printf_char_common                      0x00000737   Thumb Code    32  _printf_char_common.o(.text)
    _sputc                                   0x0000075d   Thumb Code    10  _sputc.o(.text)
    _printf_wctomb                           0x00000769   Thumb Code   182  _printf_wctomb.o(.text)
    _printf_longlong_dec                     0x00000825   Thumb Code   108  _printf_longlong_dec.o(.text)
    _printf_longlong_oct                     0x000008a1   Thumb Code    68  _printf_oct_int_ll.o(.text)
    _printf_int_oct                          0x000008e5   Thumb Code    24  _printf_oct_int_ll.o(.text)
    _printf_ll_oct                           0x000008fd   Thumb Code    12  _printf_oct_int_ll.o(.text)
    _printf_longlong_hex                     0x00000911   Thumb Code    86  _printf_hex_int_ll_ptr.o(.text)
    _printf_int_hex                          0x00000967   Thumb Code    28  _printf_hex_int_ll_ptr.o(.text)
    _printf_ll_hex                           0x00000983   Thumb Code    12  _printf_hex_int_ll_ptr.o(.text)
    _printf_hex_ptr                          0x0000098f   Thumb Code    18  _printf_hex_int_ll_ptr.o(.text)
    __printf                                 0x000009a5   Thumb Code   388  __printf_flags_ss_wp.o(.text)
    __user_libspace                          0x00000b2d   Thumb Code     8  libspace.o(.text)
    __user_perproc_libspace                  0x00000b2d   Thumb Code     0  libspace.o(.text)
    __user_perthread_libspace                0x00000b2d   Thumb Code     0  libspace.o(.text)
    _ll_udiv10                               0x00000b35   Thumb Code   138  lludiv10.o(.text)
    _printf_int_common                       0x00000bbf   Thumb Code   178  _printf_intcommon.o(.text)
    __lib_sel_fp_printf                      0x00000c71   Thumb Code     2  _printf_fp_dec.o(.text)
    _printf_fp_dec_real                      0x00000e1f   Thumb Code   620  _printf_fp_dec.o(.text)
    _printf_fp_hex_real                      0x0000108d   Thumb Code   756  _printf_fp_hex.o(.text)
    _printf_cs_common                        0x00001389   Thumb Code    20  _printf_char.o(.text)
    _printf_char                             0x0000139d   Thumb Code    16  _printf_char.o(.text)
    _printf_string                           0x000013ad   Thumb Code     8  _printf_char.o(.text)
    _printf_lcs_common                       0x000013b5   Thumb Code    20  _printf_wchar.o(.text)
    _printf_wchar                            0x000013c9   Thumb Code    16  _printf_wchar.o(.text)
    _printf_wstring                          0x000013d9   Thumb Code     8  _printf_wchar.o(.text)
    _wcrtomb                                 0x000013e1   Thumb Code    64  _wcrtomb.o(.text)
    __I$use$semihosting                      0x00001421   Thumb Code     0  use_no_semi.o(.text)
    __use_no_semihosting_swi                 0x00001421   Thumb Code     2  use_no_semi.o(.text)
    __semihosting_library_function           0x00001423   Thumb Code     0  indicate_semi.o(.text)
    __user_setup_stackheap                   0x00001423   Thumb Code    74  sys_stackheap_outer.o(.text)
    __rt_ctype_table                         0x0000146d   Thumb Code    16  rt_ctype_table.o(.text)
    __rt_locale                              0x0000147d   Thumb Code     8  rt_locale_intlibspace.o(.text)
    _printf_fp_infnan                        0x00001485   Thumb Code   112  _printf_fp_infnan.o(.text)
    _btod_etento                             0x00001505   Thumb Code   216  bigflt0.o(.text)
    exit                                     0x000015e1   Thumb Code    18  exit.o(.text)
    _sys_exit                                0x000015f5   Thumb Code     8  sys_exit.o(.text)
    strcmp                                   0x00001601   Thumb Code   128  strcmpv7m.o(.text)
    _btod_d2e                                0x00001681   Thumb Code    62  btod.o(CL$$btod_d2e)
    _d2e_denorm_low                          0x000016bf   Thumb Code    70  btod.o(CL$$btod_d2e_denorm_low)
    _d2e_norm_op1                            0x00001705   Thumb Code    96  btod.o(CL$$btod_d2e_norm_op1)
    __btod_div_common                        0x00001765   Thumb Code   696  btod.o(CL$$btod_div_common)
    _e2e                                     0x00001a9d   Thumb Code   198  btod.o(CL$$btod_e2e)
    _btod_ediv                               0x00001b63   Thumb Code    40  btod.o(CL$$btod_ediv)
    _btod_emul                               0x00001b8b   Thumb Code    40  btod.o(CL$$btod_emul)
    __btod_mult_common                       0x00001bb3   Thumb Code   580  btod.o(CL$$btod_mult_common)
    BuzzleInit                               0x00001df7   Thumb Code    22  main.o(i.BuzzleInit)
    CrossRoadAction                          0x00001e0d   Thumb Code   182  crossrode.o(i.CrossRoadAction)
    DMA0_IRQHandler                          0x00001ed1   Thumb Code    20  isr.o(i.DMA0_IRQHandler)
    DirectionControlProc                     0x00001fb9   Thumb Code    36  directioncontrol.o(i.DirectionControlProc)
    Disable_Wdog                             0x0000206d   Thumb Code    22  system_mk60.o(i.Disable_Wdog)
    EncoderClear                             0x00002089   Thumb Code    14  encoder.o(i.EncoderClear)
    EncoderGet                               0x00002097   Thumb Code    48  encoder.o(i.EncoderGet)
    EncoderInit                              0x000020c7   Thumb Code    40  encoder.o(i.EncoderInit)
    FTM_port_mux                             0x000020f1   Thumb Code   254  mk60_ftm.o(i.FTM_port_mux)
    ImgProc                                  0x000021f5   Thumb Code   118  rodeview.o(i.ImgProc)
    InRange                                  0x00002275   Thumb Code    18  isr.o(i.InRange)
    IsCrossRoad                              0x00002289   Thumb Code    96  crossrode.o(i.IsCrossRoad)
    IsOutOfRoad                              0x000022f1   Thumb Code    86  common_type.o(i.IsOutOfRoad)
    IsStartLine                              0x00002351   Thumb Code   218  common_type.o(i.IsStartLine)
    IsStraightLine                           0x00002439   Thumb Code    48  common_type.o(i.IsStraightLine)
    IslandActionGomiddle                     0x0000246d   Thumb Code   236  island.o(i.IslandActionGomiddle)
    IslandExitProc                           0x0000256d   Thumb Code   326  island.o(i.IslandExitProc)
    IslandExitRec                            0x000026d9   Thumb Code   762  island.o(i.IslandExitRec)
    IslandExitjudge                          0x00002a15   Thumb Code    70  island.o(i.IslandExitjudge)
    IslandfristEntranceProc                  0x00002a71   Thumb Code   204  island.o(i.IslandfristEntranceProc)
    IslandfristEntranceRec                   0x00002b5d   Thumb Code  1758  island.o(i.IslandfristEntranceRec)
    IslandfristEntrancejudge                 0x000032b9   Thumb Code    38  island.o(i.IslandfristEntrancejudge)
    IslandsecondEntranceProc                 0x000032f1   Thumb Code   332  island.o(i.IslandsecondEntranceProc)
    IslandsecondEntranceRec                  0x00003461   Thumb Code   154  island.o(i.IslandsecondEntranceRec)
    IslandsecondEntrancejudge                0x0000350d   Thumb Code   176  island.o(i.IslandsecondEntrancejudge)
    L_Slope_Figure                           0x000035e9   Thumb Code   170  island.o(i.L_Slope_Figure)
    LeftBorderSearchFrom                     0x0000369d   Thumb Code    72  bordersearch.o(i.LeftBorderSearchFrom)
    Limit                                    0x000036ed   Thumb Code    22  isr.o(i.Limit)
    Limit_f                                  0x00003703   Thumb Code    40  isr.o(i.Limit_f)
    MainProc                                 0x0000372d   Thumb Code    54  encoder.o(i.MainProc)
    MiddleLineUpdate                         0x00003771   Thumb Code    32  bordersearch.o(i.MiddleLineUpdate)
    Min_f                                    0x00003795   Thumb Code    24  isr.o(i.Min_f)
    NMI_Handler                              0x000037ad   Thumb Code     2  system_mk60.o(i.NMI_Handler)
    OLEDPrintf                               0x000037dd   Thumb Code    38  seekfree_oled.o(i.OLEDPrintf)
    OLED_DLY_ms                              0x00003809   Thumb Code    28  seekfree_oled.o(i.OLED_DLY_ms)
    OLED_Fill                                0x00003825   Thumb Code    58  seekfree_oled.o(i.OLED_Fill)
    OLED_Init                                0x0000385f   Thumb Code   288  seekfree_oled.o(i.OLED_Init)
    OLED_P6x8Str                             0x00003981   Thumb Code    96  seekfree_oled.o(i.OLED_P6x8Str)
    OLED_Set_Pos                             0x000039e5   Thumb Code    40  seekfree_oled.o(i.OLED_Set_Pos)
    OLED_WrCmd                               0x00003a0d   Thumb Code    80  seekfree_oled.o(i.OLED_WrCmd)
    OLED_WrDat                               0x00003a5d   Thumb Code    80  seekfree_oled.o(i.OLED_WrDat)
    PIT0_IRQHandler                          0x00003aad   Thumb Code    20  isr.o(i.PIT0_IRQHandler)
    PORTA_IRQHandler                         0x00003ac5   Thumb Code    10  isr.o(i.PORTA_IRQHandler)
    PORTC_IRQHandler                         0x00003ad5   Thumb Code    16  isr.o(i.PORTC_IRQHandler)
    R_Slope_Figure                           0x00003ae9   Thumb Code   172  island.o(i.R_Slope_Figure)
    RightBorderSearchFrom                    0x00003b9d   Thumb Code    76  bordersearch.o(i.RightBorderSearchFrom)
    SYSTEM_CLK                               0x00003bf1   Thumb Code   170  system_mk60.o(i.SYSTEM_CLK)
    SpeedControlProc                         0x00003d71   Thumb Code    50  speedcontrol.o(i.SpeedControlProc)
    SpeedTargetSet                           0x00003dad   Thumb Code   220  speedcontrol.o(i.SpeedTargetSet)
    Start                                    0x00003ea9   Thumb Code    34  system_mk60.o(i.Start)
    SteerActuatorInit                        0x00003ed1   Thumb Code    20  steeractuator.o(i.SteerActuatorInit)
    SteerActuatorOut                         0x00003ee9   Thumb Code    16  steeractuator.o(i.SteerActuatorOut)
    Summarycontrol                           0x00003ef9   Thumb Code   188  rode_mix.o(i.Summarycontrol)
    UART4_RX_TX_IRQHandler                   0x00003fe5   Thumb Code    22  isr.o(i.UART4_RX_TX_IRQHandler)
    VSYNC                                    0x00004001   Thumb Code    72  seekfree_mt9v032.o(i.VSYNC)
    WhichCurve                               0x00004059   Thumb Code   198  cuver.o(i.WhichCurve)
    __ARM_fpclassify                         0x0000412d   Thumb Code    40  fpclassify.o(i.__ARM_fpclassify)
    _is_digit                                0x00004155   Thumb Code    14  __printf_wp.o(i._is_digit)
    binaryzation                             0x00004165   Thumb Code    80  imageprocess.o(i.binaryzation)
    camera_init                              0x000041bd   Thumb Code   284  seekfree_mt9v032.o(i.camera_init)
    distancecontrol                          0x00004305   Thumb Code    94  encoder.o(i.distancecontrol)
    div_set                                  0x0000438d   Thumb Code    60  system_mk60.o(i.div_set)
    dma_portx2buff_init                      0x000043d9   Thumb Code   398  mk60_dma.o(i.dma_portx2buff_init)
    ftm_pwm_duty                             0x0000457d   Thumb Code    96  mk60_ftm.o(i.ftm_pwm_duty)
    ftm_pwm_init                             0x000045e5   Thumb Code   270  mk60_ftm.o(i.ftm_pwm_init)
    ftm_quad_clean                           0x00004701   Thumb Code    12  mk60_ftm.o(i.ftm_quad_clean)
    ftm_quad_get                             0x00004711   Thumb Code    14  mk60_ftm.o(i.ftm_quad_get)
    ftm_quad_init                            0x00004725   Thumb Code   208  mk60_ftm.o(i.ftm_quad_init)
    get_clk                                  0x000047fd   Thumb Code    80  common.o(i.get_clk)
    get_config                               0x00004861   Thumb Code    96  seekfree_mt9v032.o(i.get_config)
    get_rode_type                            0x000048cd   Thumb Code   192  rode_mix.o(i.get_rode_type)
    gpio_ddr                                 0x0000499d   Thumb Code    74  mk60_gpio.o(i.gpio_ddr)
    gpio_get                                 0x000049ed   Thumb Code    38  mk60_gpio.o(i.gpio_get)
    gpio_init                                0x00004a19   Thumb Code   200  mk60_gpio.o(i.gpio_init)
    gpio_set                                 0x00004aed   Thumb Code    66  mk60_gpio.o(i.gpio_set)
    lptmr_pulse_clean                        0x00004b35   Thumb Code    24  mk60_lptmr.o(i.lptmr_pulse_clean)
    lptmr_pulse_get                          0x00004b51   Thumb Code    30  mk60_lptmr.o(i.lptmr_pulse_get)
    lptmr_pulse_init                         0x00004b75   Thumb Code   104  mk60_lptmr.o(i.lptmr_pulse_init)
    main                                     0x00004be5   Thumb Code   120  main.o(i.main)
    motor_change                             0x00004c69   Thumb Code   178  motor.o(i.motor_change)
    motor_init                               0x00004d21   Thumb Code    68  motor.o(i.motor_init)
    mt9v032_cof_uart_interrupt               0x00004d69   Thumb Code    68  seekfree_mt9v032.o(i.mt9v032_cof_uart_interrupt)
    paraminit                                0x00004db9   Thumb Code    54  param.o(i.paraminit)
    pit_init                                 0x00004e09   Thumb Code    78  mk60_pit.o(i.pit_init)
    port_init                                0x00004e65   Thumb Code   102  mk60_port.o(i.port_init)
    port_init_NoAlt                          0x00004ed9   Thumb Code    76  mk60_port.o(i.port_init_NoAlt)
    row_finished                             0x00004f2d   Thumb Code    26  seekfree_mt9v032.o(i.row_finished)
    systick_delay                            0x00004f51   Thumb Code    44  mk60_systick.o(i.systick_delay)
    systick_delay_ms                         0x00004f7d   Thumb Code    32  mk60_systick.o(i.systick_delay_ms)
    uart_getchar                             0x00004fa1   Thumb Code    30  mk60_uart.o(i.uart_getchar)
    uart_init                                0x00004fc5   Thumb Code   486  mk60_uart.o(i.uart_init)
    uart_putbuff                             0x000051c1   Thumb Code    30  mk60_uart.o(i.uart_putbuff)
    uart_putchar                             0x000051e1   Thumb Code    28  mk60_uart.o(i.uart_putchar)
    uart_rx_irq_en                           0x00005201   Thumb Code    38  mk60_uart.o(i.uart_rx_irq_en)
    _get_lc_numeric                          0x0000522d   Thumb Code    44  lc_numeric_c.o(locale$$code)
    _get_lc_ctype                            0x00005259   Thumb Code    44  lc_ctype_c.o(locale$$code)
    __aeabi_d2f                              0x00005285   Thumb Code     0  d2f.o(x$fpl$d2f)
    _d2f                                     0x00005285   Thumb Code    98  d2f.o(x$fpl$d2f)
    __aeabi_dadd                             0x000052e9   Thumb Code     0  daddsub_clz.o(x$fpl$dadd)
    _dadd                                    0x000052e9   Thumb Code   332  daddsub_clz.o(x$fpl$dadd)
    __fpl_dcmp_Inf                           0x00005439   Thumb Code    24  dcmpi.o(x$fpl$dcmpinf)
    __aeabi_ddiv                             0x00005451   Thumb Code     0  ddiv.o(x$fpl$ddiv)
    _ddiv                                    0x00005451   Thumb Code   552  ddiv.o(x$fpl$ddiv)
    __aeabi_d2iz                             0x00005701   Thumb Code     0  dfix.o(x$fpl$dfix)
    _dfix                                    0x00005701   Thumb Code    94  dfix.o(x$fpl$dfix)
    __aeabi_i2d                              0x0000575f   Thumb Code     0  dflt_clz.o(x$fpl$dflt)
    _dflt                                    0x0000575f   Thumb Code    46  dflt_clz.o(x$fpl$dflt)
    __aeabi_ui2d                             0x0000578d   Thumb Code     0  dflt_clz.o(x$fpl$dfltu)
    _dfltu                                   0x0000578d   Thumb Code    38  dflt_clz.o(x$fpl$dfltu)
    __aeabi_cdcmple                          0x000057b5   Thumb Code     0  dleqf.o(x$fpl$dleqf)
    _dcmple                                  0x000057b5   Thumb Code   120  dleqf.o(x$fpl$dleqf)
    __fpl_dcmple_InfNaN                      0x00005817   Thumb Code     0  dleqf.o(x$fpl$dleqf)
    __aeabi_dmul                             0x0000582d   Thumb Code     0  dmul.o(x$fpl$dmul)
    _dmul                                    0x0000582d   Thumb Code   332  dmul.o(x$fpl$dmul)
    __fpl_dnaninf                            0x00005981   Thumb Code   156  dnaninf.o(x$fpl$dnaninf)
    __fpl_dretinf                            0x00005a1d   Thumb Code    12  dretinf.o(x$fpl$dretinf)
    __aeabi_cdrcmple                         0x00005a29   Thumb Code     0  drleqf.o(x$fpl$drleqf)
    _drcmple                                 0x00005a29   Thumb Code   108  drleqf.o(x$fpl$drleqf)
    __aeabi_dsub                             0x00005a95   Thumb Code     0  daddsub_clz.o(x$fpl$dsub)
    _dsub                                    0x00005a95   Thumb Code   464  daddsub_clz.o(x$fpl$dsub)
    __aeabi_f2d                              0x00005c69   Thumb Code     0  f2d.o(x$fpl$f2d)
    _f2d                                     0x00005c69   Thumb Code    86  f2d.o(x$fpl$f2d)
    __aeabi_fadd                             0x00005cc1   Thumb Code     0  faddsub_clz.o(x$fpl$fadd)
    _fadd                                    0x00005cc1   Thumb Code   196  faddsub_clz.o(x$fpl$fadd)
    __fpl_fcmp_Inf                           0x00005d85   Thumb Code    24  fcmpi.o(x$fpl$fcmpinf)
    __aeabi_fdiv                             0x00005d9d   Thumb Code     0  fdiv.o(x$fpl$fdiv)
    _fdiv                                    0x00005d9d   Thumb Code   384  fdiv.o(x$fpl$fdiv)
    __aeabi_f2iz                             0x00005f21   Thumb Code     0  ffix.o(x$fpl$ffix)
    _ffix                                    0x00005f21   Thumb Code    54  ffix.o(x$fpl$ffix)
    __aeabi_i2f                              0x00005f59   Thumb Code     0  fflt_clz.o(x$fpl$fflt)
    _fflt                                    0x00005f59   Thumb Code    48  fflt_clz.o(x$fpl$fflt)
    __aeabi_cfcmple                          0x00005f89   Thumb Code     0  fleqf.o(x$fpl$fleqf)
    _fcmple                                  0x00005f89   Thumb Code   104  fleqf.o(x$fpl$fleqf)
    __fpl_fcmple_InfNaN                      0x00005fdb   Thumb Code     0  fleqf.o(x$fpl$fleqf)
    __aeabi_fmul                             0x00005ff1   Thumb Code     0  fmul.o(x$fpl$fmul)
    _fmul                                    0x00005ff1   Thumb Code   258  fmul.o(x$fpl$fmul)
    __fpl_fnaninf                            0x000060f3   Thumb Code   140  fnaninf.o(x$fpl$fnaninf)
    __fpl_fretinf                            0x0000617f   Thumb Code    10  fretinf.o(x$fpl$fretinf)
    __aeabi_cfrcmple                         0x00006189   Thumb Code     0  frleqf.o(x$fpl$frleqf)
    _frcmple                                 0x00006189   Thumb Code    98  frleqf.o(x$fpl$frleqf)
    __aeabi_fsub                             0x000061ed   Thumb Code     0  faddsub_clz.o(x$fpl$fsub)
    _fsub                                    0x000061ed   Thumb Code   234  faddsub_clz.o(x$fpl$fsub)
    _printf_fp_dec                           0x000062d7   Thumb Code     4  printf1.o(x$fpl$printf1)
    _printf_fp_hex                           0x000062db   Thumb Code     4  printf2.o(x$fpl$printf2)
    __I$use$fp                               0x000062de   Number         0  usenofp.o(x$fpl$usenofp)
    F6x8                                     0x0000633c   Data         552  seekfree_oled.o(.constdata)
    F8X16                                    0x00006564   Data        1520  seekfree_oled.o(.constdata)
    Region$$Table$$Base                      0x00006c50   Number         0  anon$$obj.o(Region$$Table)
    Region$$Table$$Limit                     0x00006c70   Number         0  anon$$obj.o(Region$$Table)
    __ctype                                  0x00006c99   Data           0  lc_ctype_c.o(locale$$data)
    mcgout_clk_mhz                           0x1fff0000   Data           4  common.o(.data)
    core_clk_mhz                             0x1fff0004   Data           4  common.o(.data)
    bus_clk_mhz                              0x1fff0008   Data           4  common.o(.data)
    period                                   0x1fff000c   Data           6  mk60_ftm.o(.data)
    uart                                     0x1fff0014   Data          24  mk60_uart.o(.data)
    receive                                  0x1fff002c   Data           3  seekfree_mt9v032.o(.data)
    receive_num                              0x1fff002f   Data           1  seekfree_mt9v032.o(.data)
    uart_receive_flag                        0x1fff0030   Data           1  seekfree_mt9v032.o(.data)
    MT9V032_CFG                              0x1fff0032   Data          36  seekfree_mt9v032.o(.data)
    GET_CFG                                  0x1fff0056   Data          32  seekfree_mt9v032.o(.data)
    version                                  0x1fff0076   Data           2  seekfree_mt9v032.o(.data)
    mt9v032_finish_test                      0x1fff0078   Data           1  seekfree_mt9v032.o(.data)
    mt9v032_finish_flag                      0x1fff0079   Data           1  seekfree_mt9v032.o(.data)
    threshold_binary                         0x1fff008c   Data           1  imageprocess.o(.data)
    searchForBordersStartIndex_lastimg       0x1fff008e   Data           2  rodeview.o(.data)
    leftSpeed                                0x1fff0090   Data           2  speedcontrol.o(.data)
    rightSpeed                               0x1fff0092   Data           2  speedcontrol.o(.data)
    speedcontrol                             0x1fff0094   Data           2  speedcontrol.o(.data)
    pre_sight                                0x1fff0098   Data           2  directioncontrol.o(.data)
    direction_control_on                     0x1fff009a   Data           1  directioncontrol.o(.data)
    directionAngle                           0x1fff009c   Data           4  directioncontrol.o(.data)
    middlelineerror                          0x1fff00a0   Data           2  directioncontrol.o(.data)
    direction_control_kd                     0x1fff00a4   Data           4  directioncontrol.o(.data)
    direction_control_kpj                    0x1fff00a8   Data           4  directioncontrol.o(.data)
    direction_control_kpc                    0x1fff00ac   Data           4  directioncontrol.o(.data)
    steer_actuator_on                        0x1fff00b2   Data           1  steeractuator.o(.data)
    steer_actuator_left                      0x1fff00b4   Data           2  steeractuator.o(.data)
    steer_actuator_middle                    0x1fff00b6   Data           2  steeractuator.o(.data)
    steer_actuator_right                     0x1fff00b8   Data           2  steeractuator.o(.data)
    motor_on                                 0x1fff00ba   Data           1  motor.o(.data)
    encoder_on                               0x1fff00bb   Data           1  encoder.o(.data)
    startLineWidth                           0x1fff00bc   Data           2  common_type.o(.data)
    OutsideCount                             0x1fff00be   Data           1  common_type.o(.data)
    f_L_Island                               0x1fff00c2   Data           1  island.o(.data)
    f_R_Island                               0x1fff00c3   Data           1  island.o(.data)
    IslandStep                               0x1fff00c4   Data           1  island.o(.data)
    IslandfristEntranceDistance              0x1fff00c6   Data           2  island.o(.data)
    IslandsecondEntranceDistance             0x1fff00c8   Data           2  island.o(.data)
    IslandexitDistance                       0x1fff00ca   Data           2  island.o(.data)
    IslandsecondEntranceleaveDistance        0x1fff00cc   Data           2  island.o(.data)
    f_IslandfristEntranceDistance            0x1fff00ce   Data           1  island.o(.data)
    f_IslandsecondEntranceDistance           0x1fff00cf   Data           1  island.o(.data)
    f_IslandexitDistance                     0x1fff00d0   Data           1  island.o(.data)
    f_IslandsecondEntranceleaveDistance      0x1fff00d1   Data           1  island.o(.data)
    f_IslandfristEntranceDistanceFinsh       0x1fff00d2   Data           1  island.o(.data)
    SecondEntranceInflexionRow               0x1fff00d3   Data           1  island.o(.data)
    SecondEntranceInflexionCol               0x1fff00d4   Data           1  island.o(.data)
    f_SecondEntranceInflexion                0x1fff00d5   Data           1  island.o(.data)
    image                                    0x1fff00d8   Data       11280  seekfree_mt9v032.o(.bss)
    image_binary                             0x1fff2de7   Data       11280  imageprocess.o(.bss)
    resultSet                                0x1fff59f8   Data         326  rodeview.o(.bss)
    leftPid                                  0x1fff5b40   Data          56  speedcontrol.o(.bss)
    rightPid                                 0x1fff5b78   Data          56  speedcontrol.o(.bss)
    LeftIsland                               0x1fff5bb0   Data          40  island.o(.bss)
    RightIsland                              0x1fff5bd8   Data          40  island.o(.bss)
    __libspace_start                         0x1fff5c00   Data          96  libspace.o(.bss)
    __temporary_stack_top$libspace           0x1fff5c60   Data           0  libspace.o(.bss)



==============================================================================

Memory Map of the image

  Image Entry point : 0x00000411

  Load Region LR_IROM1 (Base: 0x00000000, Size: 0x00006e74, Max: 0x00080000, ABSOLUTE)

    Execution Region ER_IROM1 (Base: 0x00000000, Size: 0x00006d9c, Max: 0x00080000, ABSOLUTE)

    Base Addr    Size         Type   Attr      Idx    E Section Name        Object

    0x00000000   0x00000400   Data   RO            3    RESET               startup_mk60d10.o
    0x00000400   0x00000010   Code   RO            4    .ARM.__at_0x400     startup_mk60d10.o
    0x00000410   0x00000008   Code   RO         2495  * !!!main             c_w.l(__main.o)
    0x00000418   0x00000034   Code   RO         2934    !!!scatter          c_w.l(__scatter.o)
    0x0000044c   0x0000001a   Code   RO         2936    !!handler_copy      c_w.l(__scatter_copy.o)
    0x00000466   0x00000002   PAD
    0x00000468   0x0000001c   Code   RO         2938    !!handler_zi        c_w.l(__scatter_zi.o)
    0x00000484   0x00000000   Code   RO         2668    .ARM.Collect$$_printf_percent$$00000000  c_w.l(_printf_percent.o)
    0x00000484   0x00000006   Code   RO         2657    .ARM.Collect$$_printf_percent$$00000001  c_w.l(_printf_n.o)
    0x0000048a   0x00000006   Code   RO         2659    .ARM.Collect$$_printf_percent$$00000002  c_w.l(_printf_p.o)
    0x00000490   0x00000006   Code   RO         2664    .ARM.Collect$$_printf_percent$$00000003  c_w.l(_printf_f.o)
    0x00000496   0x00000006   Code   RO         2665    .ARM.Collect$$_printf_percent$$00000004  c_w.l(_printf_e.o)
    0x0000049c   0x00000006   Code   RO         2666    .ARM.Collect$$_printf_percent$$00000005  c_w.l(_printf_g.o)
    0x000004a2   0x00000006   Code   RO         2667    .ARM.Collect$$_printf_percent$$00000006  c_w.l(_printf_a.o)
    0x000004a8   0x0000000a   Code   RO         2672    .ARM.Collect$$_printf_percent$$00000007  c_w.l(_printf_ll.o)
    0x000004b2   0x00000006   Code   RO         2661    .ARM.Collect$$_printf_percent$$00000008  c_w.l(_printf_i.o)
    0x000004b8   0x00000006   Code   RO         2662    .ARM.Collect$$_printf_percent$$00000009  c_w.l(_printf_d.o)
    0x000004be   0x00000006   Code   RO         2663    .ARM.Collect$$_printf_percent$$0000000A  c_w.l(_printf_u.o)
    0x000004c4   0x00000006   Code   RO         2660    .ARM.Collect$$_printf_percent$$0000000B  c_w.l(_printf_o.o)
    0x000004ca   0x00000006   Code   RO         2658    .ARM.Collect$$_printf_percent$$0000000C  c_w.l(_printf_x.o)
    0x000004d0   0x00000006   Code   RO         2669    .ARM.Collect$$_printf_percent$$0000000D  c_w.l(_printf_lli.o)
    0x000004d6   0x00000006   Code   RO         2670    .ARM.Collect$$_printf_percent$$0000000E  c_w.l(_printf_lld.o)
    0x000004dc   0x00000006   Code   RO         2671    .ARM.Collect$$_printf_percent$$0000000F  c_w.l(_printf_llu.o)
    0x000004e2   0x00000006   Code   RO         2676    .ARM.Collect$$_printf_percent$$00000010  c_w.l(_printf_llo.o)
    0x000004e8   0x00000006   Code   RO         2677    .ARM.Collect$$_printf_percent$$00000011  c_w.l(_printf_llx.o)
    0x000004ee   0x0000000a   Code   RO         2673    .ARM.Collect$$_printf_percent$$00000012  c_w.l(_printf_l.o)
    0x000004f8   0x00000006   Code   RO         2655    .ARM.Collect$$_printf_percent$$00000013  c_w.l(_printf_c.o)
    0x000004fe   0x00000006   Code   RO         2656    .ARM.Collect$$_printf_percent$$00000014  c_w.l(_printf_s.o)
    0x00000504   0x00000006   Code   RO         2674    .ARM.Collect$$_printf_percent$$00000015  c_w.l(_printf_lc.o)
    0x0000050a   0x00000006   Code   RO         2675    .ARM.Collect$$_printf_percent$$00000016  c_w.l(_printf_ls.o)
    0x00000510   0x00000004   Code   RO         2789    .ARM.Collect$$_printf_percent$$00000017  c_w.l(_printf_percent_end.o)
    0x00000514   0x00000002   Code   RO         2864    .ARM.Collect$$libinit$$00000000  c_w.l(libinit.o)
    0x00000516   0x00000000   Code   RO         2681    .ARM.Collect$$libinit$$00000002  c_w.l(libinit2.o)
    0x00000516   0x00000000   Code   RO         2683    .ARM.Collect$$libinit$$00000004  c_w.l(libinit2.o)
    0x00000516   0x00000000   Code   RO         2686    .ARM.Collect$$libinit$$0000000A  c_w.l(libinit2.o)
    0x00000516   0x00000000   Code   RO         2688    .ARM.Collect$$libinit$$0000000C  c_w.l(libinit2.o)
    0x00000516   0x00000000   Code   RO         2690    .ARM.Collect$$libinit$$0000000E  c_w.l(libinit2.o)
    0x00000516   0x00000006   Code   RO         2691    .ARM.Collect$$libinit$$0000000F  c_w.l(libinit2.o)
    0x0000051c   0x00000000   Code   RO         2693    .ARM.Collect$$libinit$$00000011  c_w.l(libinit2.o)
    0x0000051c   0x0000000c   Code   RO         2694    .ARM.Collect$$libinit$$00000012  c_w.l(libinit2.o)
    0x00000528   0x00000000   Code   RO         2695    .ARM.Collect$$libinit$$00000013  c_w.l(libinit2.o)
    0x00000528   0x00000000   Code   RO         2697    .ARM.Collect$$libinit$$00000015  c_w.l(libinit2.o)
    0x00000528   0x0000000a   Code   RO         2698    .ARM.Collect$$libinit$$00000016  c_w.l(libinit2.o)
    0x00000532   0x00000000   Code   RO         2699    .ARM.Collect$$libinit$$00000017  c_w.l(libinit2.o)
    0x00000532   0x00000000   Code   RO         2701    .ARM.Collect$$libinit$$00000019  c_w.l(libinit2.o)
    0x00000532   0x00000000   Code   RO         2703    .ARM.Collect$$libinit$$0000001B  c_w.l(libinit2.o)
    0x00000532   0x00000000   Code   RO         2705    .ARM.Collect$$libinit$$0000001D  c_w.l(libinit2.o)
    0x00000532   0x00000000   Code   RO         2707    .ARM.Collect$$libinit$$0000001F  c_w.l(libinit2.o)
    0x00000532   0x00000000   Code   RO         2709    .ARM.Collect$$libinit$$00000021  c_w.l(libinit2.o)
    0x00000532   0x00000000   Code   RO         2711    .ARM.Collect$$libinit$$00000023  c_w.l(libinit2.o)
    0x00000532   0x00000000   Code   RO         2713    .ARM.Collect$$libinit$$00000025  c_w.l(libinit2.o)
    0x00000532   0x00000000   Code   RO         2717    .ARM.Collect$$libinit$$0000002C  c_w.l(libinit2.o)
    0x00000532   0x00000000   Code   RO         2719    .ARM.Collect$$libinit$$0000002E  c_w.l(libinit2.o)
    0x00000532   0x00000000   Code   RO         2721    .ARM.Collect$$libinit$$00000030  c_w.l(libinit2.o)
    0x00000532   0x00000000   Code   RO         2723    .ARM.Collect$$libinit$$00000032  c_w.l(libinit2.o)
    0x00000532   0x00000002   Code   RO         2724    .ARM.Collect$$libinit$$00000033  c_w.l(libinit2.o)
    0x00000534   0x00000002   Code   RO         2931    .ARM.Collect$$libshutdown$$00000000  c_w.l(libshutdown.o)
    0x00000536   0x00000000   Code   RO         2887    .ARM.Collect$$libshutdown$$00000002  c_w.l(libshutdown2.o)
    0x00000536   0x00000000   Code   RO         2889    .ARM.Collect$$libshutdown$$00000004  c_w.l(libshutdown2.o)
    0x00000536   0x00000000   Code   RO         2892    .ARM.Collect$$libshutdown$$00000007  c_w.l(libshutdown2.o)
    0x00000536   0x00000000   Code   RO         2895    .ARM.Collect$$libshutdown$$0000000A  c_w.l(libshutdown2.o)
    0x00000536   0x00000000   Code   RO         2897    .ARM.Collect$$libshutdown$$0000000C  c_w.l(libshutdown2.o)
    0x00000536   0x00000000   Code   RO         2900    .ARM.Collect$$libshutdown$$0000000F  c_w.l(libshutdown2.o)
    0x00000536   0x00000002   Code   RO         2901    .ARM.Collect$$libshutdown$$00000010  c_w.l(libshutdown2.o)
    0x00000538   0x00000000   Code   RO         2555    .ARM.Collect$$rtentry$$00000000  c_w.l(__rtentry.o)
    0x00000538   0x00000000   Code   RO         2752    .ARM.Collect$$rtentry$$00000002  c_w.l(__rtentry2.o)
    0x00000538   0x00000006   Code   RO         2764    .ARM.Collect$$rtentry$$00000004  c_w.l(__rtentry4.o)
    0x0000053e   0x00000000   Code   RO         2754    .ARM.Collect$$rtentry$$00000009  c_w.l(__rtentry2.o)
    0x0000053e   0x00000004   Code   RO         2755    .ARM.Collect$$rtentry$$0000000A  c_w.l(__rtentry2.o)
    0x00000542   0x00000000   Code   RO         2757    .ARM.Collect$$rtentry$$0000000C  c_w.l(__rtentry2.o)
    0x00000542   0x00000008   Code   RO         2758    .ARM.Collect$$rtentry$$0000000D  c_w.l(__rtentry2.o)
    0x0000054a   0x00000002   Code   RO         2871    .ARM.Collect$$rtexit$$00000000  c_w.l(rtexit.o)
    0x0000054c   0x00000000   Code   RO         2905    .ARM.Collect$$rtexit$$00000002  c_w.l(rtexit2.o)
    0x0000054c   0x00000004   Code   RO         2906    .ARM.Collect$$rtexit$$00000003  c_w.l(rtexit2.o)
    0x00000550   0x00000006   Code   RO         2907    .ARM.Collect$$rtexit$$00000004  c_w.l(rtexit2.o)
    0x00000556   0x00000002   PAD
    0x00000558   0x00000044   Code   RO            5    .text               startup_mk60d10.o
    0x0000059c   0x00000024   Code   RO         2487    .text               c_w.l(vsprintf.o)
    0x000005c0   0x00000006   Code   RO         2493    .text               c_w.l(heapauxi.o)
    0x000005c6   0x0000004e   Code   RO         2589    .text               c_w.l(_printf_pad.o)
    0x00000614   0x00000024   Code   RO         2591    .text               c_w.l(_printf_truncate.o)
    0x00000638   0x00000052   Code   RO         2593    .text               c_w.l(_printf_str.o)
    0x0000068a   0x00000002   PAD
    0x0000068c   0x00000078   Code   RO         2595    .text               c_w.l(_printf_dec.o)
    0x00000704   0x00000028   Code   RO         2597    .text               c_w.l(_printf_charcount.o)
    0x0000072c   0x00000030   Code   RO         2599    .text               c_w.l(_printf_char_common.o)
    0x0000075c   0x0000000a   Code   RO         2601    .text               c_w.l(_sputc.o)
    0x00000766   0x00000002   PAD
    0x00000768   0x000000bc   Code   RO         2603    .text               c_w.l(_printf_wctomb.o)
    0x00000824   0x0000007c   Code   RO         2606    .text               c_w.l(_printf_longlong_dec.o)
    0x000008a0   0x00000070   Code   RO         2612    .text               c_w.l(_printf_oct_int_ll.o)
    0x00000910   0x00000094   Code   RO         2632    .text               c_w.l(_printf_hex_int_ll_ptr.o)
    0x000009a4   0x00000188   Code   RO         2652    .text               c_w.l(__printf_flags_ss_wp.o)
    0x00000b2c   0x00000008   Code   RO         2748    .text               c_w.l(libspace.o)
    0x00000b34   0x0000008a   Code   RO         2774    .text               c_w.l(lludiv10.o)
    0x00000bbe   0x000000b2   Code   RO         2776    .text               c_w.l(_printf_intcommon.o)
    0x00000c70   0x0000041a   Code   RO         2778    .text               c_w.l(_printf_fp_dec.o)
    0x0000108a   0x00000002   PAD
    0x0000108c   0x000002fc   Code   RO         2780    .text               c_w.l(_printf_fp_hex.o)
    0x00001388   0x0000002c   Code   RO         2785    .text               c_w.l(_printf_char.o)
    0x000013b4   0x0000002c   Code   RO         2787    .text               c_w.l(_printf_wchar.o)
    0x000013e0   0x00000040   Code   RO         2790    .text               c_w.l(_wcrtomb.o)
    0x00001420   0x00000002   Code   RO         2803    .text               c_w.l(use_no_semi.o)
    0x00001422   0x00000000   Code   RO         2805    .text               c_w.l(indicate_semi.o)
    0x00001422   0x0000004a   Code   RO         2806    .text               c_w.l(sys_stackheap_outer.o)
    0x0000146c   0x00000010   Code   RO         2808    .text               c_w.l(rt_ctype_table.o)
    0x0000147c   0x00000008   Code   RO         2815    .text               c_w.l(rt_locale_intlibspace.o)
    0x00001484   0x00000080   Code   RO         2819    .text               c_w.l(_printf_fp_infnan.o)
    0x00001504   0x000000dc   Code   RO         2821    .text               c_w.l(bigflt0.o)
    0x000015e0   0x00000012   Code   RO         2849    .text               c_w.l(exit.o)
    0x000015f2   0x00000002   PAD
    0x000015f4   0x0000000c   Code   RO         2869    .text               c_w.l(sys_exit.o)
    0x00001600   0x00000080   Code   RO         2884    .text               c_w.l(strcmpv7m.o)
    0x00001680   0x0000003e   Code   RO         2824    CL$$btod_d2e        c_w.l(btod.o)
    0x000016be   0x00000046   Code   RO         2826    CL$$btod_d2e_denorm_low  c_w.l(btod.o)
    0x00001704   0x00000060   Code   RO         2825    CL$$btod_d2e_norm_op1  c_w.l(btod.o)
    0x00001764   0x00000338   Code   RO         2834    CL$$btod_div_common  c_w.l(btod.o)
    0x00001a9c   0x000000c6   Code   RO         2831    CL$$btod_e2e        c_w.l(btod.o)
    0x00001b62   0x00000028   Code   RO         2828    CL$$btod_ediv       c_w.l(btod.o)
    0x00001b8a   0x00000028   Code   RO         2827    CL$$btod_emul       c_w.l(btod.o)
    0x00001bb2   0x00000244   Code   RO         2833    CL$$btod_mult_common  c_w.l(btod.o)
    0x00001df6   0x00000016   Code   RO         1028    i.BuzzleInit        main.o
    0x00001e0c   0x000000c4   Code   RO         2172    i.CrossRoadAction   crossrode.o
    0x00001ed0   0x00000018   Code   RO          815    i.DMA0_IRQHandler   isr.o
    0x00001ee8   0x000000d0   Code   RO         1952    i.DirectionControlPID  directioncontrol.o
    0x00001fb8   0x00000028   Code   RO         1953    i.DirectionControlProc  directioncontrol.o
    0x00001fe0   0x0000008c   Code   RO         1954    i.DirectionErrorGet  directioncontrol.o
    0x0000206c   0x0000001c   Code   RO           15    i.Disable_Wdog      system_mk60.o
    0x00002088   0x0000000e   Code   RO         2061    i.EncoderClear      encoder.o
    0x00002096   0x00000030   Code   RO         2062    i.EncoderGet        encoder.o
    0x000020c6   0x00000028   Code   RO         2063    i.EncoderInit       encoder.o
    0x000020ee   0x00000002   PAD
    0x000020f0   0x00000104   Code   RO          205    i.FTM_port_mux      mk60_ftm.o
    0x000021f4   0x00000080   Code   RO         1823    i.ImgProc           rodeview.o
    0x00002274   0x00000012   Code   RO          887    i.InRange           isr.o
    0x00002286   0x00000002   PAD
    0x00002288   0x00000068   Code   RO         2173    i.IsCrossRoad       crossrode.o
    0x000022f0   0x00000060   Code   RO         2131    i.IsOutOfRoad       common_type.o
    0x00002350   0x000000e8   Code   RO         2132    i.IsStartLine       common_type.o
    0x00002438   0x00000034   Code   RO         2133    i.IsStraightLine    common_type.o
    0x0000246c   0x00000100   Code   RO         2268    i.IslandActionGomiddle  island.o
    0x0000256c   0x0000016c   Code   RO         2269    i.IslandExitProc    island.o
    0x000026d8   0x0000033c   Code   RO         2270    i.IslandExitRec     island.o
    0x00002a14   0x0000005c   Code   RO         2271    i.IslandExitjudge   island.o
    0x00002a70   0x000000ec   Code   RO         2272    i.IslandfristEntranceProc  island.o
    0x00002b5c   0x0000075c   Code   RO         2273    i.IslandfristEntranceRec  island.o
    0x000032b8   0x00000038   Code   RO         2274    i.IslandfristEntrancejudge  island.o
    0x000032f0   0x00000170   Code   RO         2275    i.IslandsecondEntranceProc  island.o
    0x00003460   0x000000ac   Code   RO         2276    i.IslandsecondEntranceRec  island.o
    0x0000350c   0x000000dc   Code   RO         2277    i.IslandsecondEntrancejudge  island.o
    0x000035e8   0x000000b4   Code   RO         2278    i.L_Slope_Figure    island.o
    0x0000369c   0x00000050   Code   RO         1870    i.LeftBorderSearchFrom  bordersearch.o
    0x000036ec   0x00000016   Code   RO          899    i.Limit             isr.o
    0x00003702   0x00000028   Code   RO          905    i.Limit_f           isr.o
    0x0000372a   0x00000002   PAD
    0x0000372c   0x00000044   Code   RO         2064    i.MainProc          encoder.o
    0x00003770   0x00000024   Code   RO         1871    i.MiddleLineUpdate  bordersearch.o
    0x00003794   0x00000018   Code   RO          875    i.Min_f             isr.o
    0x000037ac   0x00000002   Code   RO           16    i.NMI_Handler       system_mk60.o
    0x000037ae   0x00000016   Code   RO          589    i.NVIC_EnableIRQ    mk60_uart.o
    0x000037c4   0x00000016   Code   RO         1180    i.NVIC_EnableIRQ    seekfree_mt9v032.o
    0x000037da   0x00000002   PAD
    0x000037dc   0x0000002c   Code   RO         1279    i.OLEDPrintf        seekfree_oled.o
    0x00003808   0x0000001c   Code   RO         1281    i.OLED_DLY_ms       seekfree_oled.o
    0x00003824   0x0000003a   Code   RO         1282    i.OLED_Fill         seekfree_oled.o
    0x0000385e   0x00000120   Code   RO         1284    i.OLED_Init         seekfree_oled.o
    0x0000397e   0x00000002   PAD
    0x00003980   0x00000064   Code   RO         1285    i.OLED_P6x8Str      seekfree_oled.o
    0x000039e4   0x00000028   Code   RO         1290    i.OLED_Set_Pos      seekfree_oled.o
    0x00003a0c   0x00000050   Code   RO         1292    i.OLED_WrCmd        seekfree_oled.o
    0x00003a5c   0x00000050   Code   RO         1293    i.OLED_WrDat        seekfree_oled.o
    0x00003aac   0x00000018   Code   RO          816    i.PIT0_IRQHandler   isr.o
    0x00003ac4   0x00000010   Code   RO          817    i.PORTA_IRQHandler  isr.o
    0x00003ad4   0x00000014   Code   RO          818    i.PORTC_IRQHandler  isr.o
    0x00003ae8   0x000000b4   Code   RO         2279    i.R_Slope_Figure    island.o
    0x00003b9c   0x00000054   Code   RO         1873    i.RightBorderSearchFrom  bordersearch.o
    0x00003bf0   0x000000b8   Code   RO           17    i.SYSTEM_CLK        system_mk60.o
    0x00003ca8   0x00000004   Code   RO         1908    i.SpeedControlFilter  speedcontrol.o
    0x00003cac   0x000000c4   Code   RO         1909    i.SpeedControlPID   speedcontrol.o
    0x00003d70   0x0000003c   Code   RO         1910    i.SpeedControlProc  speedcontrol.o
    0x00003dac   0x000000fc   Code   RO         1911    i.SpeedTargetSet    speedcontrol.o
    0x00003ea8   0x00000028   Code   RO           18    i.Start             system_mk60.o
    0x00003ed0   0x00000018   Code   RO         1991    i.SteerActuatorInit  steeractuator.o
    0x00003ee8   0x00000010   Code   RO         1992    i.SteerActuatorOut  steeractuator.o
    0x00003ef8   0x000000ec   Code   RO         2241    i.Summarycontrol    rode_mix.o
    0x00003fe4   0x0000001c   Code   RO          819    i.UART4_RX_TX_IRQHandler  isr.o
    0x00004000   0x00000058   Code   RO         1182    i.VSYNC             seekfree_mt9v032.o
    0x00004058   0x000000d4   Code   RO         2206    i.WhichCurve        cuver.o
    0x0000412c   0x00000028   Code   RO         2867    i.__ARM_fpclassify  m_ws.l(fpclassify.o)
    0x00004154   0x0000000e   Code   RO         2645    i._is_digit         c_w.l(__printf_wp.o)
    0x00004162   0x00000002   PAD
    0x00004164   0x00000058   Code   RO         1796    i.binaryzation      imageprocess.o
    0x000041bc   0x00000148   Code   RO         1183    i.camera_init       seekfree_mt9v032.o
    0x00004304   0x00000088   Code   RO         2065    i.distancecontrol   encoder.o
    0x0000438c   0x0000004c   Code   RO           19    i.div_set           system_mk60.o
    0x000043d8   0x000001a4   Code   RO          179    i.dma_portx2buff_init  mk60_dma.o
    0x0000457c   0x00000068   Code   RO          209    i.ftm_pwm_duty      mk60_ftm.o
    0x000045e4   0x0000011c   Code   RO          211    i.ftm_pwm_init      mk60_ftm.o
    0x00004700   0x00000010   Code   RO          212    i.ftm_quad_clean    mk60_ftm.o
    0x00004710   0x00000014   Code   RO          213    i.ftm_quad_get      mk60_ftm.o
    0x00004724   0x000000d8   Code   RO          214    i.ftm_quad_init     mk60_ftm.o
    0x000047fc   0x00000064   Code   RO           92    i.get_clk           common.o
    0x00004860   0x0000006c   Code   RO         1184    i.get_config        seekfree_mt9v032.o
    0x000048cc   0x000000d0   Code   RO         2242    i.get_rode_type     rode_mix.o
    0x0000499c   0x00000050   Code   RO          290    i.gpio_ddr          mk60_gpio.o
    0x000049ec   0x0000002c   Code   RO          291    i.gpio_get          mk60_gpio.o
    0x00004a18   0x000000d4   Code   RO          292    i.gpio_init         mk60_gpio.o
    0x00004aec   0x00000048   Code   RO          293    i.gpio_set          mk60_gpio.o
    0x00004b34   0x0000001c   Code   RO          390    i.lptmr_pulse_clean  mk60_lptmr.o
    0x00004b50   0x00000024   Code   RO          391    i.lptmr_pulse_get   mk60_lptmr.o
    0x00004b74   0x00000070   Code   RO          392    i.lptmr_pulse_init  mk60_lptmr.o
    0x00004be4   0x00000084   Code   RO         1029    i.main              main.o
    0x00004c68   0x000000b8   Code   RO         2029    i.motor_change      motor.o
    0x00004d20   0x00000048   Code   RO         2030    i.motor_init        motor.o
    0x00004d68   0x00000050   Code   RO         1186    i.mt9v032_cof_uart_interrupt  seekfree_mt9v032.o
    0x00004db8   0x00000050   Code   RO         2111    i.paraminit         param.o
    0x00004e08   0x0000005c   Code   RO          427    i.pit_init          mk60_pit.o
    0x00004e64   0x00000074   Code   RO          472    i.port_init         mk60_port.o
    0x00004ed8   0x00000054   Code   RO          473    i.port_init_NoAlt   mk60_port.o
    0x00004f2c   0x00000024   Code   RO         1187    i.row_finished      seekfree_mt9v032.o
    0x00004f50   0x0000002c   Code   RO          547    i.systick_delay     mk60_systick.o
    0x00004f7c   0x00000024   Code   RO          548    i.systick_delay_ms  mk60_systick.o
    0x00004fa0   0x00000024   Code   RO          590    i.uart_getchar      mk60_uart.o
    0x00004fc4   0x000001fc   Code   RO          591    i.uart_init         mk60_uart.o
    0x000051c0   0x0000001e   Code   RO          592    i.uart_putbuff      mk60_uart.o
    0x000051de   0x00000002   PAD
    0x000051e0   0x00000020   Code   RO          593    i.uart_putchar      mk60_uart.o
    0x00005200   0x0000002c   Code   RO          597    i.uart_rx_irq_en    mk60_uart.o
    0x0000522c   0x0000002c   Code   RO         2847    locale$$code        c_w.l(lc_numeric_c.o)
    0x00005258   0x0000002c   Code   RO         2878    locale$$code        c_w.l(lc_ctype_c.o)
    0x00005284   0x00000062   Code   RO         2497    x$fpl$d2f           fz_ws.l(d2f.o)
    0x000052e6   0x00000002   PAD
    0x000052e8   0x00000150   Code   RO         2499    x$fpl$dadd          fz_ws.l(daddsub_clz.o)
    0x00005438   0x00000018   Code   RO         2725    x$fpl$dcmpinf       fz_ws.l(dcmpi.o)
    0x00005450   0x000002b0   Code   RO         2506    x$fpl$ddiv          fz_ws.l(ddiv.o)
    0x00005700   0x0000005e   Code   RO         2509    x$fpl$dfix          fz_ws.l(dfix.o)
    0x0000575e   0x0000002e   Code   RO         2514    x$fpl$dflt          fz_ws.l(dflt_clz.o)
    0x0000578c   0x00000026   Code   RO         2513    x$fpl$dfltu         fz_ws.l(dflt_clz.o)
    0x000057b2   0x00000002   PAD
    0x000057b4   0x00000078   Code   RO         2519    x$fpl$dleqf         fz_ws.l(dleqf.o)
    0x0000582c   0x00000154   Code   RO         2521    x$fpl$dmul          fz_ws.l(dmul.o)
    0x00005980   0x0000009c   Code   RO         2727    x$fpl$dnaninf       fz_ws.l(dnaninf.o)
    0x00005a1c   0x0000000c   Code   RO         2729    x$fpl$dretinf       fz_ws.l(dretinf.o)
    0x00005a28   0x0000006c   Code   RO         2523    x$fpl$drleqf        fz_ws.l(drleqf.o)
    0x00005a94   0x000001d4   Code   RO         2501    x$fpl$dsub          fz_ws.l(daddsub_clz.o)
    0x00005c68   0x00000056   Code   RO         2525    x$fpl$f2d           fz_ws.l(f2d.o)
    0x00005cbe   0x00000002   PAD
    0x00005cc0   0x000000c4   Code   RO         2527    x$fpl$fadd          fz_ws.l(faddsub_clz.o)
    0x00005d84   0x00000018   Code   RO         2731    x$fpl$fcmpinf       fz_ws.l(fcmpi.o)
    0x00005d9c   0x00000184   Code   RO         2534    x$fpl$fdiv          fz_ws.l(fdiv.o)
    0x00005f20   0x00000036   Code   RO         2537    x$fpl$ffix          fz_ws.l(ffix.o)
    0x00005f56   0x00000002   PAD
    0x00005f58   0x00000030   Code   RO         2542    x$fpl$fflt          fz_ws.l(fflt_clz.o)
    0x00005f88   0x00000068   Code   RO         2547    x$fpl$fleqf         fz_ws.l(fleqf.o)
    0x00005ff0   0x00000102   Code   RO         2549    x$fpl$fmul          fz_ws.l(fmul.o)
    0x000060f2   0x0000008c   Code   RO         2733    x$fpl$fnaninf       fz_ws.l(fnaninf.o)
    0x0000617e   0x0000000a   Code   RO         2735    x$fpl$fretinf       fz_ws.l(fretinf.o)
    0x00006188   0x00000062   Code   RO         2551    x$fpl$frleqf        fz_ws.l(frleqf.o)
    0x000061ea   0x00000002   PAD
    0x000061ec   0x000000ea   Code   RO         2529    x$fpl$fsub          fz_ws.l(faddsub_clz.o)
    0x000062d6   0x00000004   Code   RO         2737    x$fpl$printf1       fz_ws.l(printf1.o)
    0x000062da   0x00000004   Code   RO         2739    x$fpl$printf2       fz_ws.l(printf2.o)
    0x000062de   0x00000000   Code   RO         2745    x$fpl$usenofp       fz_ws.l(usenofp.o)
    0x000062de   0x00000002   PAD
    0x000062e0   0x0000000c   Data   RO          215    .constdata          mk60_ftm.o
    0x000062ec   0x00000028   Data   RO          295    .constdata          mk60_gpio.o
    0x00006314   0x00000028   Data   RO          474    .constdata          mk60_port.o
    0x0000633c   0x00000818   Data   RO         1296    .constdata          seekfree_oled.o
    0x00006b54   0x00000008   Data   RO         2604    .constdata          c_w.l(_printf_wctomb.o)
    0x00006b5c   0x00000028   Data   RO         2633    .constdata          c_w.l(_printf_hex_int_ll_ptr.o)
    0x00006b84   0x00000011   Data   RO         2653    .constdata          c_w.l(__printf_flags_ss_wp.o)
    0x00006b95   0x00000026   Data   RO         2781    .constdata          c_w.l(_printf_fp_hex.o)
    0x00006bbb   0x00000001   PAD
    0x00006bbc   0x00000094   Data   RO         2822    .constdata          c_w.l(bigflt0.o)
    0x00006c50   0x00000020   Data   RO         2932    Region$$Table       anon$$obj.o
    0x00006c70   0x0000001c   Data   RO         2846    locale$$data        c_w.l(lc_numeric_c.o)
    0x00006c8c   0x00000110   Data   RO         2877    locale$$data        c_w.l(lc_ctype_c.o)


    Execution Region RW_IRAM1 (Base: 0x1fff0000, Size: 0x00007c60, Max: 0x00020000, ABSOLUTE)

    Base Addr    Size         Type   Attr      Idx    E Section Name        Object

    0x1fff0000   0x0000000c   Data   RW           93    .data               common.o
    0x1fff000c   0x00000006   Data   RW          216    .data               mk60_ftm.o
    0x1fff0012   0x00000002   PAD
    0x1fff0014   0x00000018   Data   RW          600    .data               mk60_uart.o
    0x1fff002c   0x00000060   Data   RW         1193    .data               seekfree_mt9v032.o
    0x1fff008c   0x00000001   Data   RW         1798    .data               imageprocess.o
    0x1fff008d   0x00000001   PAD
    0x1fff008e   0x00000002   Data   RW         1825    .data               rodeview.o
    0x1fff0090   0x00000006   Data   RW         1913    .data               speedcontrol.o
    0x1fff0096   0x00000002   PAD
    0x1fff0098   0x0000001a   Data   RW         1955    .data               directioncontrol.o
    0x1fff00b2   0x00000008   Data   RW         1994    .data               steeractuator.o
    0x1fff00ba   0x00000001   Data   RW         2031    .data               motor.o
    0x1fff00bb   0x00000001   Data   RW         2066    .data               encoder.o
    0x1fff00bc   0x00000003   Data   RW         2134    .data               common_type.o
    0x1fff00bf   0x00000001   PAD
    0x1fff00c0   0x00000002   Data   RW         2207    .data               cuver.o
    0x1fff00c2   0x00000014   Data   RW         2281    .data               island.o
    0x1fff00d6   0x00000002   PAD
    0x1fff00d8   0x00002c10   Zero   RW         1192    .bss                seekfree_mt9v032.o
    0x1fff2ce8   0x000000ff   Zero   RW         1295    .bss                seekfree_oled.o
    0x1fff2de7   0x00002c10   Zero   RW         1797    .bss                imageprocess.o
    0x1fff59f7   0x00000001   PAD
    0x1fff59f8   0x00000146   Zero   RW         1824    .bss                rodeview.o
    0x1fff5b3e   0x00000002   PAD
    0x1fff5b40   0x00000070   Zero   RW         1912    .bss                speedcontrol.o
    0x1fff5bb0   0x00000050   Zero   RW         2280    .bss                island.o
    0x1fff5c00   0x00000060   Zero   RW         2749    .bss                c_w.l(libspace.o)
    0x1fff5c60   0x00001000   Zero   RW            2    HEAP                startup_mk60d10.o
    0x1fff6c60   0x00001000   Zero   RW            1    STACK               startup_mk60d10.o


==============================================================================

Image component sizes


      Code (inc. data)   RO Data    RW Data    ZI Data      Debug   Object Name

       200         20          0          0          0       1778   bordersearch.o
       100         20          0         12          0       2636   common.o
       380         28          0          3          0       2531   common_type.o
       300         22          0          0          0       1444   crossrode.o
       212         14          0          2          0        957   cuver.o
       388         68          0         26          0       2580   directioncontrol.o
       306         56          0          1          0       2736   encoder.o
        88          8          0          1      11280       1103   imageprocess.o
      4836        592          0         20         80      10992   island.o
       216         24          0          0          0       5159   isr.o
       154         12          0          0          0        988   main.o
       420         22          0          0          0       3198   mk60_dma.o
       900         54         12          6          0      27501   mk60_ftm.o
       408         30         40          0          0       2805   mk60_gpio.o
       176         18          0          0          0       2097   mk60_lptmr.o
        92         14          0          0          0       1291   mk60_pit.o
       200         22         40          0          0       1654   mk60_port.o
        80          4          0          0          0       1011   mk60_systick.o
       672         44          0         24          0      26488   mk60_uart.o
       256         10          0          1          0       1259   motor.o
        80         26          0          0          0        404   param.o
       444         76          0          0          0       1193   rode_mix.o
       128         10          0          2        326        921   rodeview.o
       662         94          0         96      11280      29815   seekfree_mt9v032.o
       718         10       2072          0        255       6280   seekfree_oled.o
       512         48          0          6        112       3829   speedcontrol.o
        84         42       1024          0       8192       1092   startup_mk60d10.o
        40          4          0          8          0       1306   steeractuator.o
       330         42          0          0          0     244210   system_mk60.o

    ----------------------------------------------------------------------
     13394       1434       3220        216      31528     389258   Object Totals
         0          0         32          0          0          0   (incl. Generated)
        12          0          0          8          3          0   (incl. Padding)

    ----------------------------------------------------------------------

      Code (inc. data)   RO Data    RW Data    ZI Data      Debug   Library Member Name

         8          0          0          0          0         68   __main.o
       392          4         17          0          0         92   __printf_flags_ss_wp.o
        14          0          0          0          0         68   __printf_wp.o
         0          0          0          0          0          0   __rtentry.o
        12          0          0          0          0          0   __rtentry2.o
         6          0          0          0          0          0   __rtentry4.o
        52          8          0          0          0          0   __scatter.o
        26          0          0          0          0          0   __scatter_copy.o
        28          0          0          0          0          0   __scatter_zi.o
         6          0          0          0          0          0   _printf_a.o
         6          0          0          0          0          0   _printf_c.o
        44          0          0          0          0        108   _printf_char.o
        48          6          0          0          0         96   _printf_char_common.o
        40          0          0          0          0         68   _printf_charcount.o
         6          0          0          0          0          0   _printf_d.o
       120         16          0          0          0         92   _printf_dec.o
         6          0          0          0          0          0   _printf_e.o
         6          0          0          0          0          0   _printf_f.o
      1050          0          0          0          0        216   _printf_fp_dec.o
       764          8         38          0          0        100   _printf_fp_hex.o
       128         16          0          0          0         84   _printf_fp_infnan.o
         6          0          0          0          0          0   _printf_g.o
       148          4         40          0          0        160   _printf_hex_int_ll_ptr.o
         6          0          0          0          0          0   _printf_i.o
       178          0          0          0          0         88   _printf_intcommon.o
        10          0          0          0          0          0   _printf_l.o
         6          0          0          0          0          0   _printf_lc.o
        10          0          0          0          0          0   _printf_ll.o
         6          0          0          0          0          0   _printf_lld.o
         6          0          0          0          0          0   _printf_lli.o
         6          0          0          0          0          0   _printf_llo.o
         6          0          0          0          0          0   _printf_llu.o
         6          0          0          0          0          0   _printf_llx.o
       124         16          0          0          0         92   _printf_longlong_dec.o
         6          0          0          0          0          0   _printf_ls.o
         6          0          0          0          0          0   _printf_n.o
         6          0          0          0          0          0   _printf_o.o
       112          8          0          0          0        124   _printf_oct_int_ll.o
         6          0          0          0          0          0   _printf_p.o
        78          0          0          0          0        108   _printf_pad.o
         0          0          0          0          0          0   _printf_percent.o
         4          0          0          0          0          0   _printf_percent_end.o
         6          0          0          0          0          0   _printf_s.o
        82          0          0          0          0         80   _printf_str.o
        36          0          0          0          0         84   _printf_truncate.o
         6          0          0          0          0          0   _printf_u.o
        44          0          0          0          0        108   _printf_wchar.o
       188          6          8          0          0         92   _printf_wctomb.o
         6          0          0          0          0          0   _printf_x.o
        10          0          0          0          0         68   _sputc.o
        64          0          0          0          0         92   _wcrtomb.o
       220          4        148          0          0         96   bigflt0.o
      1910        128          0          0          0        672   btod.o
        18          0          0          0          0         80   exit.o
         6          0          0          0          0        152   heapauxi.o
         0          0          0          0          0          0   indicate_semi.o
        44         10        272          0          0         76   lc_ctype_c.o
        44         10         28          0          0         76   lc_numeric_c.o
         2          0          0          0          0          0   libinit.o
        30          0          0          0          0          0   libinit2.o
         2          0          0          0          0          0   libshutdown.o
         2          0          0          0          0          0   libshutdown2.o
         8          4          0          0         96         68   libspace.o
       138          0          0          0          0         80   lludiv10.o
        16          4          0          0          0         76   rt_ctype_table.o
         8          4          0          0          0         68   rt_locale_intlibspace.o
         2          0          0          0          0          0   rtexit.o
        10          0          0          0          0          0   rtexit2.o
       128          0          0          0          0         68   strcmpv7m.o
        12          4          0          0          0         68   sys_exit.o
        74          0          0          0          0         80   sys_stackheap_outer.o
         2          0          0          0          0         68   use_no_semi.o
        36          4          0          0          0         76   vsprintf.o
        98          4          0          0          0         92   d2f.o
       804         16          0          0          0        272   daddsub_clz.o
        24          0          0          0          0         68   dcmpi.o
       688        140          0          0          0        208   ddiv.o
        94          4          0          0          0         92   dfix.o
        84          0          0          0          0        136   dflt_clz.o
       120          4          0          0          0         92   dleqf.o
       340         12          0          0          0        104   dmul.o
       156          4          0          0          0         92   dnaninf.o
        12          0          0          0          0         68   dretinf.o
       108          0          0          0          0         80   drleqf.o
        86          4          0          0          0         84   f2d.o
       430          8          0          0          0        168   faddsub_clz.o
        24          0          0          0          0         68   fcmpi.o
       388         76          0          0          0         96   fdiv.o
        54          4          0          0          0         84   ffix.o
        48          0          0          0          0         68   fflt_clz.o
       104          4          0          0          0         84   fleqf.o
       258          4          0          0          0         84   fmul.o
       140          4          0          0          0         84   fnaninf.o
        10          0          0          0          0         68   fretinf.o
        98          0          0          0          0         68   frleqf.o
         4          0          0          0          0         68   printf1.o
         4          0          0          0          0         68   printf2.o
         0          0          0          0          0          0   usenofp.o
        40          0          0          0          0         68   fpclassify.o

    ----------------------------------------------------------------------
     10894        552        552          0         96       6356   Library Totals
        26          0          1          0          0          0   (incl. Padding)

    ----------------------------------------------------------------------

      Code (inc. data)   RO Data    RW Data    ZI Data      Debug   Library Name

      6652        264        551          0         96       3892   c_w.l
      4176        288          0          0          0       2396   fz_ws.l
        40          0          0          0          0         68   m_ws.l

    ----------------------------------------------------------------------
     10894        552        552          0         96       6356   Library Totals

    ----------------------------------------------------------------------

==============================================================================


      Code (inc. data)   RO Data    RW Data    ZI Data      Debug   

     24288       1986       3772        216      31624     387186   Grand Totals
     24288       1986       3772        216      31624     387186   ELF Image Totals
     24288       1986       3772        216          0          0   ROM Totals

==============================================================================

    Total RO  Size (Code + RO Data)                28060 (  27.40kB)
    Total RW  Size (RW Data + ZI Data)             31840 (  31.09kB)
    Total ROM Size (Code + RO Data + RW Data)      28276 (  27.61kB)

==============================================================================

